Archive member included to satisfy reference by file (symbol)

c:/st/stm32cubeide_1.5.0/stm32cubeide/plugins/com.st.stm32cube.ide.mcu.externaltools.gnu-tools-for-stm32.7-2018-q2-update.win32_1.5.0.202011040924/tools/bin/../lib/gcc/arm-none-eabi/7.3.1/../../../../arm-none-eabi/lib/thumb/v7e-m/fpv4-sp/hard\libc_nano.a(lib_a-calloc.o)
                              Middlewares/Third_Party/mbedTLS/library/asn1parse.o (calloc)
c:/st/stm32cubeide_1.5.0/stm32cubeide/plugins/com.st.stm32cube.ide.mcu.externaltools.gnu-tools-for-stm32.7-2018-q2-update.win32_1.5.0.202011040924/tools/bin/../lib/gcc/arm-none-eabi/7.3.1/../../../../arm-none-eabi/lib/thumb/v7e-m/fpv4-sp/hard\libc_nano.a(lib_a-errno.o)
                              Core/Src/syscalls.o (__errno)
c:/st/stm32cubeide_1.5.0/stm32cubeide/plugins/com.st.stm32cube.ide.mcu.externaltools.gnu-tools-for-stm32.7-2018-q2-update.win32_1.5.0.202011040924/tools/bin/../lib/gcc/arm-none-eabi/7.3.1/../../../../arm-none-eabi/lib/thumb/v7e-m/fpv4-sp/hard\libc_nano.a(lib_a-exit.o)
                              c:/st/stm32cubeide_1.5.0/stm32cubeide/plugins/com.st.stm32cube.ide.mcu.externaltools.gnu-tools-for-stm32.7-2018-q2-update.win32_1.5.0.202011040924/tools/bin/../lib/gcc/arm-none-eabi/7.3.1/../../../../arm-none-eabi/lib/thumb/v7e-m/fpv4-sp/hard/crt0.o (exit)
c:/st/stm32cubeide_1.5.0/stm32cubeide/plugins/com.st.stm32cube.ide.mcu.externaltools.gnu-tools-for-stm32.7-2018-q2-update.win32_1.5.0.202011040924/tools/bin/../lib/gcc/arm-none-eabi/7.3.1/../../../../arm-none-eabi/lib/thumb/v7e-m/fpv4-sp/hard\libc_nano.a(lib_a-impure.o)
                              c:/st/stm32cubeide_1.5.0/stm32cubeide/plugins/com.st.stm32cube.ide.mcu.externaltools.gnu-tools-for-stm32.7-2018-q2-update.win32_1.5.0.202011040924/tools/bin/../lib/gcc/arm-none-eabi/7.3.1/../../../../arm-none-eabi/lib/thumb/v7e-m/fpv4-sp/hard\libc_nano.a(lib_a-exit.o) (_global_impure_ptr)
c:/st/stm32cubeide_1.5.0/stm32cubeide/plugins/com.st.stm32cube.ide.mcu.externaltools.gnu-tools-for-stm32.7-2018-q2-update.win32_1.5.0.202011040924/tools/bin/../lib/gcc/arm-none-eabi/7.3.1/../../../../arm-none-eabi/lib/thumb/v7e-m/fpv4-sp/hard\libc_nano.a(lib_a-init.o)
                              c:/st/stm32cubeide_1.5.0/stm32cubeide/plugins/com.st.stm32cube.ide.mcu.externaltools.gnu-tools-for-stm32.7-2018-q2-update.win32_1.5.0.202011040924/tools/bin/../lib/gcc/arm-none-eabi/7.3.1/../../../../arm-none-eabi/lib/thumb/v7e-m/fpv4-sp/hard/crt0.o (__libc_init_array)
c:/st/stm32cubeide_1.5.0/stm32cubeide/plugins/com.st.stm32cube.ide.mcu.externaltools.gnu-tools-for-stm32.7-2018-q2-update.win32_1.5.0.202011040924/tools/bin/../lib/gcc/arm-none-eabi/7.3.1/../../../../arm-none-eabi/lib/thumb/v7e-m/fpv4-sp/hard\libc_nano.a(lib_a-malloc.o)
                              Core/Src/app_ssl.o (malloc)
c:/st/stm32cubeide_1.5.0/stm32cubeide/plugins/com.st.stm32cube.ide.mcu.externaltools.gnu-tools-for-stm32.7-2018-q2-update.win32_1.5.0.202011040924/tools/bin/../lib/gcc/arm-none-eabi/7.3.1/../../../../arm-none-eabi/lib/thumb/v7e-m/fpv4-sp/hard\libc_nano.a(lib_a-memcmp.o)
                              Middlewares/Third_Party/mbedTLS/library/asn1parse.o (memcmp)
c:/st/stm32cubeide_1.5.0/stm32cubeide/plugins/com.st.stm32cube.ide.mcu.externaltools.gnu-tools-for-stm32.7-2018-q2-update.win32_1.5.0.202011040924/tools/bin/../lib/gcc/arm-none-eabi/7.3.1/../../../../arm-none-eabi/lib/thumb/v7e-m/fpv4-sp/hard\libc_nano.a(lib_a-memcpy-stub.o)
                              Middlewares/Third_Party/mbedTLS/library/asn1write.o (memcpy)
c:/st/stm32cubeide_1.5.0/stm32cubeide/plugins/com.st.stm32cube.ide.mcu.externaltools.gnu-tools-for-stm32.7-2018-q2-update.win32_1.5.0.202011040924/tools/bin/../lib/gcc/arm-none-eabi/7.3.1/../../../../arm-none-eabi/lib/thumb/v7e-m/fpv4-sp/hard\libc_nano.a(lib_a-memmove.o)
                              Middlewares/Third_Party/mbedTLS/library/bignum.o (memmove)
c:/st/stm32cubeide_1.5.0/stm32cubeide/plugins/com.st.stm32cube.ide.mcu.externaltools.gnu-tools-for-stm32.7-2018-q2-update.win32_1.5.0.202011040924/tools/bin/../lib/gcc/arm-none-eabi/7.3.1/../../../../arm-none-eabi/lib/thumb/v7e-m/fpv4-sp/hard\libc_nano.a(lib_a-memset.o)
                              c:/st/stm32cubeide_1.5.0/stm32cubeide/plugins/com.st.stm32cube.ide.mcu.externaltools.gnu-tools-for-stm32.7-2018-q2-update.win32_1.5.0.202011040924/tools/bin/../lib/gcc/arm-none-eabi/7.3.1/../../../../arm-none-eabi/lib/thumb/v7e-m/fpv4-sp/hard/crt0.o (memset)
c:/st/stm32cubeide_1.5.0/stm32cubeide/plugins/com.st.stm32cube.ide.mcu.externaltools.gnu-tools-for-stm32.7-2018-q2-update.win32_1.5.0.202011040924/tools/bin/../lib/gcc/arm-none-eabi/7.3.1/../../../../arm-none-eabi/lib/thumb/v7e-m/fpv4-sp/hard\libc_nano.a(lib_a-nano-callocr.o)
[...]
Memory Configuration

Name             Origin             Length             Attributes
RAM              0x0000000020000000 0x0000000000020000 xrw
FLASH            0x0000000008000000 0x0000000000080000 xr
*default*        0x0000000000000000 0xffffffffffffffff

Linker script and memory map

LOAD c:/st/stm32cubeide_1.5.0/stm32cubeide/plugins/com.st.stm32cube.ide.mcu.externaltools.gnu-tools-for-stm32.7-2018-q2-update.win32_1.5.0.202011040924/tools/bin/../lib/gcc/arm-none-eabi/7.3.1/thumb/v7e-m/fpv4-sp/hard/crti.o
LOAD c:/st/stm32cubeide_1.5.0/stm32cubeide/plugins/com.st.stm32cube.ide.mcu.externaltools.gnu-tools-for-stm32.7-2018-q2-update.win32_1.5.0.202011040924/tools/bin/../lib/gcc/arm-none-eabi/7.3.1/thumb/v7e-m/fpv4-sp/hard/crtbegin.o
LOAD c:/st/stm32cubeide_1.5.0/stm32cubeide/plugins/com.st.stm32cube.ide.mcu.externaltools.gnu-tools-for-stm32.7-2018-q2-update.win32_1.5.0.202011040924/tools/bin/../lib/gcc/arm-none-eabi/7.3.1/../../../../arm-none-eabi/lib/thumb/v7e-m/fpv4-sp/hard/crt0.o
LOAD Core/Src/app_mqtt.o
LOAD Core/Src/app_ssl.o
LOAD Core/Src/app_uart.o
LOAD Core/Src/main.o
LOAD Core/Src/stm32f4xx_hal_msp.o
LOAD Core/Src/stm32f4xx_it.o
LOAD Core/Src/syscalls.o
LOAD Core/Src/sysmem.o
LOAD Core/Src/system_stm32f4xx.o
LOAD Core/Startup/startup_stm32f411retx.o
LOAD Drivers/STM32F4xx_HAL_Driver/Src/stm32f4xx_hal.o
LOAD Drivers/STM32F4xx_HAL_Driver/Src/stm32f4xx_hal_cortex.o
LOAD Drivers/STM32F4xx_HAL_Driver/Src/stm32f4xx_hal_dma.o
LOAD Drivers/STM32F4xx_HAL_Driver/Src/stm32f4xx_hal_dma_ex.o
LOAD Drivers/STM32F4xx_HAL_Driver/Src/stm32f4xx_hal_exti.o
LOAD Drivers/STM32F4xx_HAL_Driver/Src/stm32f4xx_hal_flash.o
LOAD Drivers/STM32F4xx_HAL_Driver/Src/stm32f4xx_hal_flash_ex.o
LOAD Drivers/STM32F4xx_HAL_Driver/Src/stm32f4xx_hal_flash_ramfunc.o
LOAD Drivers/STM32F4xx_HAL_Driver/Src/stm32f4xx_hal_gpio.o
LOAD Drivers/STM32F4xx_HAL_Driver/Src/stm32f4xx_hal_pwr.o
LOAD Drivers/STM32F4xx_HAL_Driver/Src/stm32f4xx_hal_pwr_ex.o
LOAD Drivers/STM32F4xx_HAL_Driver/Src/stm32f4xx_hal_rcc.o
LOAD Drivers/STM32F4xx_HAL_Driver/Src/stm32f4xx_hal_rcc_ex.o
LOAD Drivers/STM32F4xx_HAL_Driver/Src/stm32f4xx_hal_tim.o
LOAD Drivers/STM32F4xx_HAL_Driver/Src/stm32f4xx_hal_tim_ex.o
LOAD Drivers/STM32F4xx_HAL_Driver/Src/stm32f4xx_hal_uart.o
LOAD MBEDTLS/App/mbedtls.o
LOAD Middlewares/Third_Party/base64url/base64url.o
LOAD Middlewares/Third_Party/mbedTLS/library/aes.o
LOAD Middlewares/Third_Party/mbedTLS/library/aesni.o
LOAD Middlewares/Third_Party/mbedTLS/library/arc4.o
LOAD Middlewares/Third_Party/mbedTLS/library/aria.o
LOAD Middlewares/Third_Party/mbedTLS/library/asn1parse.o
LOAD Middlewares/Third_Party/mbedTLS/library/asn1write.o
LOAD Middlewares/Third_Party/mbedTLS/library/base64.o
LOAD Middlewares/Third_Party/mbedTLS/library/bignum.o
LOAD Middlewares/Third_Party/mbedTLS/library/blowfish.o
LOAD Middlewares/Third_Party/mbedTLS/library/camellia.o
LOAD Middlewares/Third_Party/mbedTLS/library/ccm.o
LOAD Middlewares/Third_Party/mbedTLS/library/certs.o
LOAD Middlewares/Third_Party/mbedTLS/library/chacha20.o
LOAD Middlewares/Third_Party/mbedTLS/library/chachapoly.o
LOAD Middlewares/Third_Party/mbedTLS/library/cipher.o
LOAD Middlewares/Third_Party/mbedTLS/library/cipher_wrap.o
LOAD Middlewares/Third_Party/mbedTLS/library/cmac.o
LOAD Middlewares/Third_Party/mbedTLS/library/ctr_drbg.o
LOAD Middlewares/Third_Party/mbedTLS/library/debug.o
LOAD Middlewares/Third_Party/mbedTLS/library/des.o
LOAD Middlewares/Third_Party/mbedTLS/library/dhm.o
LOAD Middlewares/Third_Party/mbedTLS/library/ecdh.o
LOAD Middlewares/Third_Party/mbedTLS/library/ecdsa.o
LOAD Middlewares/Third_Party/mbedTLS/library/ecjpake.o
LOAD Middlewares/Third_Party/mbedTLS/library/ecp.o
LOAD Middlewares/Third_Party/mbedTLS/library/ecp_curves.o
LOAD Middlewares/Third_Party/mbedTLS/library/entropy.o
LOAD Middlewares/Third_Party/mbedTLS/library/entropy_poll.o
LOAD Middlewares/Third_Party/mbedTLS/library/error.o
LOAD Middlewares/Third_Party/mbedTLS/library/gcm.o
LOAD Middlewares/Third_Party/mbedTLS/library/havege.o
LOAD Middlewares/Third_Party/mbedTLS/library/hkdf.o
LOAD Middlewares/Third_Party/mbedTLS/library/hmac_drbg.o
LOAD Middlewares/Third_Party/mbedTLS/library/md.o
LOAD Middlewares/Third_Party/mbedTLS/library/md2.o
LOAD Middlewares/Third_Party/mbedTLS/library/md4.o
LOAD Middlewares/Third_Party/mbedTLS/library/md5.o
LOAD Middlewares/Third_Party/mbedTLS/library/md_wrap.o
LOAD Middlewares/Third_Party/mbedTLS/library/memory_buffer_alloc.o
LOAD Middlewares/Third_Party/mbedTLS/library/nist_kw.o
LOAD Middlewares/Third_Party/mbedTLS/library/oid.o
LOAD Middlewares/Third_Party/mbedTLS/library/padlock.o
LOAD Middlewares/Third_Party/mbedTLS/library/pem.o
LOAD Middlewares/Third_Party/mbedTLS/library/pk.o
LOAD Middlewares/Third_Party/mbedTLS/library/pk_wrap.o
LOAD Middlewares/Third_Party/mbedTLS/library/pkcs11.o
LOAD Middlewares/Third_Party/mbedTLS/library/pkcs12.o
LOAD Middlewares/Third_Party/mbedTLS/library/pkcs5.o
LOAD Middlewares/Third_Party/mbedTLS/library/pkparse.o
LOAD Middlewares/Third_Party/mbedTLS/library/pkwrite.o
LOAD Middlewares/Third_Party/mbedTLS/library/platform.o
LOAD Middlewares/Third_Party/mbedTLS/library/platform_util.o
LOAD Middlewares/Third_Party/mbedTLS/library/poly1305.o
LOAD Middlewares/Third_Party/mbedTLS/library/ripemd160.o
LOAD Middlewares/Third_Party/mbedTLS/library/rsa.o
LOAD Middlewares/Third_Party/mbedTLS/library/rsa_internal.o
LOAD Middlewares/Third_Party/mbedTLS/library/sha1.o
LOAD Middlewares/Third_Party/mbedTLS/library/sha256.o
LOAD Middlewares/Third_Party/mbedTLS/library/sha512.o
LOAD Middlewares/Third_Party/mbedTLS/library/ssl_cache.o
LOAD Middlewares/Third_Party/mbedTLS/library/ssl_ciphersuites.o
LOAD Middlewares/Third_Party/mbedTLS/library/ssl_cli.o
LOAD Middlewares/Third_Party/mbedTLS/library/ssl_cookie.o
LOAD Middlewares/Third_Party/mbedTLS/library/ssl_srv.o
LOAD Middlewares/Third_Party/mbedTLS/library/ssl_ticket.o
LOAD Middlewares/Third_Party/mbedTLS/library/ssl_tls.o
LOAD Middlewares/Third_Party/mbedTLS/library/threading.o
LOAD Middlewares/Third_Party/mbedTLS/library/timing.o
LOAD Middlewares/Third_Party/mbedTLS/library/version.o
LOAD Middlewares/Third_Party/mbedTLS/library/version_features.o
LOAD Middlewares/Third_Party/mbedTLS/library/x509.o
LOAD Middlewares/Third_Party/mbedTLS/library/x509_create.o
LOAD Middlewares/Third_Party/mbedTLS/library/x509_crl.o
LOAD Middlewares/Third_Party/mbedTLS/library/x509_crt.o
LOAD Middlewares/Third_Party/mbedTLS/library/x509_csr.o
LOAD Middlewares/Third_Party/mbedTLS/library/x509write_crt.o
LOAD Middlewares/Third_Party/mbedTLS/library/x509write_csr.o
LOAD Middlewares/Third_Party/mbedTLS/library/xtea.o
START GROUP
LOAD c:/st/stm32cubeide_1.5.0/stm32cubeide/plugins/com.st.stm32cube.ide.mcu.externaltools.gnu-tools-for-stm32.7-2018-q2-update.win32_1.5.0.202011040924/tools/bin/../lib/gcc/arm-none-eabi/7.3.1/../../../../arm-none-eabi/lib/thumb/v7e-m/fpv4-sp/hard\libc_nano.a
LOAD c:/st/stm32cubeide_1.5.0/stm32cubeide/plugins/com.st.stm32cube.ide.mcu.externaltools.gnu-tools-for-stm32.7-2018-q2-update.win32_1.5.0.202011040924/tools/bin/../lib/gcc/arm-none-eabi/7.3.1/../../../../arm-none-eabi/lib/thumb/v7e-m/fpv4-sp/hard\libm.a
END GROUP
START GROUP
LOAD c:/st/stm32cubeide_1.5.0/stm32cubeide/plugins/com.st.stm32cube.ide.mcu.externaltools.gnu-tools-for-stm32.7-2018-q2-update.win32_1.5.0.202011040924/tools/bin/../lib/gcc/arm-none-eabi/7.3.1/thumb/v7e-m/fpv4-sp/hard\libgcc.a
LOAD c:/st/stm32cubeide_1.5.0/stm32cubeide/plugins/com.st.stm32cube.ide.mcu.externaltools.gnu-tools-for-stm32.7-2018-q2-update.win32_1.5.0.202011040924/tools/bin/../lib/gcc/arm-none-eabi/7.3.1/../../../../arm-none-eabi/lib/thumb/v7e-m/fpv4-sp/hard\libc_nano.a
END GROUP
START GROUP
LOAD c:/st/stm32cubeide_1.5.0/stm32cubeide/plugins/com.st.stm32cube.ide.mcu.externaltools.gnu-tools-for-stm32.7-2018-q2-update.win32_1.5.0.202011040924/tools/bin/../lib/gcc/arm-none-eabi/7.3.1/thumb/v7e-m/fpv4-sp/hard\libgcc.a
LOAD c:/st/stm32cubeide_1.5.0/stm32cubeide/plugins/com.st.stm32cube.ide.mcu.externaltools.gnu-tools-for-stm32.7-2018-q2-update.win32_1.5.0.202011040924/tools/bin/../lib/gcc/arm-none-eabi/7.3.1/../../../../arm-none-eabi/lib/thumb/v7e-m/fpv4-sp/hard\libc_nano.a
LOAD c:/st/stm32cubeide_1.5.0/stm32cubeide/plugins/com.st.stm32cube.ide.mcu.externaltools.gnu-tools-for-stm32.7-2018-q2-update.win32_1.5.0.202011040924/tools/bin/../lib/gcc/arm-none-eabi/7.3.1/../../../../arm-none-eabi/lib/thumb/v7e-m/fpv4-sp/hard\libnosys.a
END GROUP
START GROUP
LOAD c:/st/stm32cubeide_1.5.0/stm32cubeide/plugins/com.st.stm32cube.ide.mcu.externaltools.gnu-tools-for-stm32.7-2018-q2-update.win32_1.5.0.202011040924/tools/bin/../lib/gcc/arm-none-eabi/7.3.1/thumb/v7e-m/fpv4-sp/hard\libgcc.a
LOAD c:/st/stm32cubeide_1.5.0/stm32cubeide/plugins/com.st.stm32cube.ide.mcu.externaltools.gnu-tools-for-stm32.7-2018-q2-update.win32_1.5.0.202011040924/tools/bin/../lib/gcc/arm-none-eabi/7.3.1/../../../../arm-none-eabi/lib/thumb/v7e-m/fpv4-sp/hard\libc_nano.a
LOAD c:/st/stm32cubeide_1.5.0/stm32cubeide/plugins/com.st.stm32cube.ide.mcu.externaltools.gnu-tools-for-stm32.7-2018-q2-update.win32_1.5.0.202011040924/tools/bin/../lib/gcc/arm-none-eabi/7.3.1/../../../../arm-none-eabi/lib/thumb/v7e-m/fpv4-sp/hard\libnosys.a
END GROUP
LOAD c:/st/stm32cubeide_1.5.0/stm32cubeide/plugins/com.st.stm32cube.ide.mcu.externaltools.gnu-tools-for-stm32.7-2018-q2-update.win32_1.5.0.202011040924/tools/bin/../lib/gcc/arm-none-eabi/7.3.1/thumb/v7e-m/fpv4-sp/hard/crtend.o
LOAD c:/st/stm32cubeide_1.5.0/stm32cubeide/plugins/com.st.stm32cube.ide.mcu.externaltools.gnu-tools-for-stm32.7-2018-q2-update.win32_1.5.0.202011040924/tools/bin/../lib/gcc/arm-none-eabi/7.3.1/thumb/v7e-m/fpv4-sp/hard/crtn.o
                0x0000000020020000                _estack = (ORIGIN (RAM) + LENGTH (RAM))
                0x0000000000000200                _Min_Heap_Size = 0x200
                0x0000000000000400                _Min_Stack_Size = 0x400

.isr_vector     0x0000000008000000      0x198
                0x0000000008000000                . = ALIGN (0x4)
 *(.isr_vector)
 .isr_vector    0x0000000008000000      0x198 Core/Startup/startup_stm32f411retx.o
                0x0000000008000000                g_pfnVectors
                0x0000000008000198                . = ALIGN (0x4)

.text           0x00000000080001a0    0x14d74
                0x00000000080001a0                . = ALIGN (0x4)
 *(.text)
 .text          0x00000000080001a0       0x40 c:/st/stm32cubeide_1.5.0/stm32cubeide/plugins/com.st.stm32cube.ide.mcu.externaltools.gnu-tools-for-stm32.7-2018-q2-update.win32_1.5.0.202011040924/tools/bin/../lib/gcc/arm-none-eabi/7.3.1/thumb/v7e-m/fpv4-sp/hard/crtbegin.o
 .text          0x00000000080001e0       0x10 c:/st/stm32cubeide_1.5.0/stm32cubeide/plugins/com.st.stm32cube.ide.mcu.externaltools.gnu-tools-for-stm32.7-2018-q2-update.win32_1.5.0.202011040924/tools/bin/../lib/gcc/arm-none-eabi/7.3.1/../../../../arm-none-eabi/lib/thumb/v7e-m/fpv4-sp/hard\libc_nano.a(lib_a-strlen.o)
                0x00000000080001e0                strlen
 .text          0x00000000080001f0       0xa0 c:/st/stm32cubeide_1.5.0/stm32cubeide/plugins/com.st.stm32cube.ide.mcu.externaltools.gnu-tools-for-stm32.7-2018-q2-update.win32_1.5.0.202011040924/tools/bin/../lib/gcc/arm-none-eabi/7.3.1/../../../../arm-none-eabi/lib/thumb/v7e-m/fpv4-sp/hard\libc_nano.a(lib_a-memchr.o)
                0x00000000080001f0                memchr
 .text          0x0000000008000290       0x30 c:/st/stm32cubeide_1.5.0/stm32cubeide/plugins/com.st.stm32cube.ide.mcu.externaltools.gnu-tools-for-stm32.7-2018-q2-update.win32_1.5.0.202011040924/tools/bin/../lib/gcc/arm-none-eabi/7.3.1/thumb/v7e-m/fpv4-sp/hard\libgcc.a(_aeabi_uldivmod.o)
                0x0000000008000290                __aeabi_uldivmod
 .text          0x00000000080002c0      0x2cc c:/st/stm32cubeide_1.5.0/stm32cubeide/plugins/com.st.stm32cube.ide.mcu.externaltools.gnu-tools-for-stm32.7-2018-q2-update.win32_1.5.0.202011040924/tools/bin/../lib/gcc/arm-none-eabi/7.3.1/thumb/v7e-m/fpv4-sp/hard\libgcc.a(_udivmoddi4.o)
                0x00000000080002c0                __udivmoddi4
 .text          0x000000000800058c        0x4 c:/st/stm32cubeide_1.5.0/stm32cubeide/plugins/com.st.stm32cube.ide.mcu.externaltools.gnu-tools-for-stm32.7-2018-q2-update.win32_1.5.0.202011040924/tools/bin/../lib/gcc/arm-none-eabi/7.3.1/thumb/v7e-m/fpv4-sp/hard\libgcc.a(_dvmd_tls.o)
                0x000000000800058c                __aeabi_idiv0
                0x000000000800058c                __aeabi_ldiv0
 *(.text*)
 .text.MQTT_Start
                0x0000000008000590       0x1c Core/Src/app_mqtt.o
                0x0000000008000590                MQTT_Start
 .text.MQTT_Accquire_Client
                0x00000000080005ac       0x38 Core/Src/app_mqtt.o
                0x00000000080005ac                MQTT_Accquire_Client
 .text.MQTT_Set_Ssl
                0x00000000080005e4       0x38 Core/Src/app_mqtt.o
                0x00000000080005e4                MQTT_Set_Ssl
 .text.MQTT_Connect
                0x000000000800061c       0x58 Core/Src/app_mqtt.o
                0x000000000800061c                MQTT_Connect
 .text.MQTT_Topic
                0x0000000008000674       0x64 Core/Src/app_mqtt.o
                0x0000000008000674                MQTT_Topic
 .text.MQTT_Payload
                0x00000000080006d8       0x60 Core/Src/app_mqtt.o
                0x00000000080006d8                MQTT_Payload
 .text.MQTT_Publish
                0x0000000008000738       0x70 Core/Src/app_mqtt.o
                0x0000000008000738                MQTT_Publish
 .text.SSL_Init
                0x00000000080007a8       0x50 Core/Src/app_ssl.o
                0x00000000080007a8                SSL_Init
 .text.SSL_Configure_Ctx
                0x00000000080007f8      0x110 Core/Src/app_ssl.o
                0x00000000080007f8                SSL_Configure_Ctx
 .text.SSL_Cert_Down
                0x0000000008000908       0x5c Core/Src/app_ssl.o
                0x0000000008000908                SSL_Cert_Down
 .text.SSL_Cert_List
                0x0000000008000964       0x1c Core/Src/app_ssl.o
                0x0000000008000964                SSL_Cert_List
 .text.Get_Ssl_Config
                0x0000000008000980       0x28 Core/Src/app_ssl.o
                0x0000000008000980                Get_Ssl_Config
 .text.mbedtlsError
                0x00000000080009a8       0x20 Core/Src/app_ssl.o
 .text.createGCPJWT
                0x00000000080009c8      0x368 Core/Src/app_ssl.o
                0x00000000080009c8                createGCPJWT
 .text.UART_SIM7600_Init
                0x0000000008000d30       0x58 Core/Src/app_uart.o
                0x0000000008000d30                UART_SIM7600_Init
 .text.UART_SIM7600_Transmit
                0x0000000008000d88       0x68 Core/Src/app_uart.o
                0x0000000008000d88                UART_SIM7600_Transmit
 .text.UART_SIM7600_Received_Buffer_Available
                0x0000000008000df0       0x28 Core/Src/app_uart.o
                0x0000000008000df0                UART_SIM7600_Received_Buffer_Available
 .text.UART_SIM7600_Read_Received_Buffer
                0x0000000008000e18       0x64 Core/Src/app_uart.o
                0x0000000008000e18                UART_SIM7600_Read_Received_Buffer
 .text.UART_485_Init
                0x0000000008000e7c       0x54 Core/Src/app_uart.o
                0x0000000008000e7c                UART_485_Init
 .text.UART_DEBUG_Init
                0x0000000008000ed0       0x54 Core/Src/app_uart.o
                0x0000000008000ed0                UART_DEBUG_Init
 .text.UART_DEBUG_Transmit
                0x0000000008000f24       0x48 Core/Src/app_uart.o
                0x0000000008000f24                UART_DEBUG_Transmit
 .text.Setup_Receive_IT
                0x0000000008000f6c       0x28 Core/Src/app_uart.o
                0x0000000008000f6c                Setup_Receive_IT
 .text.HAL_UART_RxCpltCallback
                0x0000000008000f94       0x6c Core/Src/app_uart.o
                0x0000000008000f94                HAL_UART_RxCpltCallback
 .text.HAL_UART_TxCpltCallback
                0x0000000008001000       0x20 Core/Src/app_uart.o
                0x0000000008001000                HAL_UART_TxCpltCallback
 .text.Clear_Reiceive_Buffer
                0x0000000008001020       0x2c Core/Src/app_uart.o
                0x0000000008001020                Clear_Reiceive_Buffer
 .text.Clear_Temp_Buffer
                0x000000000800104c       0x18 Core/Src/app_uart.o
                0x000000000800104c                Clear_Temp_Buffer
 .text.Wait_For_Respone
                0x0000000008001064       0xa0 Core/Src/app_uart.o
                0x0000000008001064                Wait_For_Respone
 .text.Get_AT_Result
                0x0000000008001104       0x24 Core/Src/app_uart.o
                0x0000000008001104                Get_AT_Result
 .text.main     0x0000000008001128      0x154 Core/Src/main.o
                0x0000000008001128                main
 .text.SystemClock_Config
                0x000000000800127c       0xbc Core/Src/main.o
                0x000000000800127c                SystemClock_Config
 .text.MX_GPIO_Init
                0x0000000008001338       0x50 Core/Src/main.o
 .text.Error_Handler
                0x0000000008001388        0x8 Core/Src/main.o
                0x0000000008001388                Error_Handler
 .text.HAL_MspInit
                0x0000000008001390       0x50 Core/Src/stm32f4xx_hal_msp.o
                0x0000000008001390                HAL_MspInit
 .text.HAL_UART_MspInit
                0x00000000080013e0      0x194 Core/Src/stm32f4xx_hal_msp.o
                0x00000000080013e0                HAL_UART_MspInit
 .text.NMI_Handler
                0x0000000008001574        0x6 Core/Src/stm32f4xx_it.o
                0x0000000008001574                NMI_Handler
 .text.HardFault_Handler
                0x000000000800157a        0x6 Core/Src/stm32f4xx_it.o
                0x000000000800157a                HardFault_Handler
 .text.MemManage_Handler
                0x0000000008001580        0x6 Core/Src/stm32f4xx_it.o
                0x0000000008001580                MemManage_Handler
 .text.BusFault_Handler
                0x0000000008001586        0x6 Core/Src/stm32f4xx_it.o
                0x0000000008001586                BusFault_Handler
 .text.UsageFault_Handler
                0x000000000800158c        0x6 Core/Src/stm32f4xx_it.o
                0x000000000800158c                UsageFault_Handler
 .text.SVC_Handler
                0x0000000008001592        0xe Core/Src/stm32f4xx_it.o
                0x0000000008001592                SVC_Handler
 .text.DebugMon_Handler
                0x00000000080015a0        0xe Core/Src/stm32f4xx_it.o
                0x00000000080015a0                DebugMon_Handler
 .text.PendSV_Handler
                0x00000000080015ae        0xe Core/Src/stm32f4xx_it.o
                0x00000000080015ae                PendSV_Handler
 .text.SysTick_Handler
                0x00000000080015bc        0xc Core/Src/stm32f4xx_it.o
                0x00000000080015bc                SysTick_Handler
 .text.USART1_IRQHandler
                0x00000000080015c8       0x14 Core/Src/stm32f4xx_it.o
                0x00000000080015c8                USART1_IRQHandler
 .text.USART2_IRQHandler
                0x00000000080015dc       0x14 Core/Src/stm32f4xx_it.o
                0x00000000080015dc                USART2_IRQHandler
 .text.USART6_IRQHandler
                0x00000000080015f0       0x14 Core/Src/stm32f4xx_it.o
                0x00000000080015f0                USART6_IRQHandler
 .text._sbrk    0x0000000008001604       0x6c Core/Src/sysmem.o
                0x0000000008001604                _sbrk
 .text.SystemInit
                0x0000000008001670       0x2c Core/Src/system_stm32f4xx.o
                0x0000000008001670                SystemInit
 .text.Reset_Handler
                0x000000000800169c       0x50 Core/Startup/startup_stm32f411retx.o
                0x000000000800169c                Reset_Handler
 .text.Default_Handler
                0x00000000080016ec        0x2 Core/Startup/startup_stm32f411retx.o
                0x00000000080016ec                RTC_Alarm_IRQHandler
                0x00000000080016ec                EXTI2_IRQHandler
                0x00000000080016ec                SPI4_IRQHandler
                0x00000000080016ec                TIM1_CC_IRQHandler
                0x00000000080016ec                DMA2_Stream5_IRQHandler
                0x00000000080016ec                DMA1_Stream5_IRQHandler
                0x00000000080016ec                PVD_IRQHandler
                0x00000000080016ec                SDIO_IRQHandler
                0x00000000080016ec                TAMP_STAMP_IRQHandler
                0x00000000080016ec                EXTI3_IRQHandler
                0x00000000080016ec                TIM1_UP_TIM10_IRQHandler
                0x00000000080016ec                I2C3_ER_IRQHandler
                0x00000000080016ec                EXTI0_IRQHandler
                0x00000000080016ec                I2C2_EV_IRQHandler
                0x00000000080016ec                DMA1_Stream2_IRQHandler
                0x00000000080016ec                FPU_IRQHandler
                0x00000000080016ec                DMA2_Stream2_IRQHandler
                0x00000000080016ec                SPI1_IRQHandler
                0x00000000080016ec                TIM1_BRK_TIM9_IRQHandler
                0x00000000080016ec                DMA2_Stream3_IRQHandler
                0x00000000080016ec                DMA2_Stream0_IRQHandler
                0x00000000080016ec                TIM4_IRQHandler
                0x00000000080016ec                I2C1_EV_IRQHandler
                0x00000000080016ec                DMA1_Stream6_IRQHandler
                0x00000000080016ec                DMA1_Stream1_IRQHandler
                0x00000000080016ec                TIM3_IRQHandler
                0x00000000080016ec                RCC_IRQHandler
                0x00000000080016ec                Default_Handler
                0x00000000080016ec                EXTI15_10_IRQHandler
                0x00000000080016ec                ADC_IRQHandler
                0x00000000080016ec                DMA1_Stream7_IRQHandler
                0x00000000080016ec                SPI5_IRQHandler
                0x00000000080016ec                TIM5_IRQHandler
                0x00000000080016ec                DMA2_Stream7_IRQHandler
                0x00000000080016ec                I2C3_EV_IRQHandler
                0x00000000080016ec                EXTI9_5_IRQHandler
                0x00000000080016ec                RTC_WKUP_IRQHandler
                0x00000000080016ec                SPI2_IRQHandler
                0x00000000080016ec                DMA1_Stream0_IRQHandler
                0x00000000080016ec                EXTI4_IRQHandler
                0x00000000080016ec                WWDG_IRQHandler
                0x00000000080016ec                TIM2_IRQHandler
                0x00000000080016ec                OTG_FS_WKUP_IRQHandler
                0x00000000080016ec                TIM1_TRG_COM_TIM11_IRQHandler
                0x00000000080016ec                EXTI1_IRQHandler
                0x00000000080016ec                I2C2_ER_IRQHandler
                0x00000000080016ec                DMA2_Stream1_IRQHandler
                0x00000000080016ec                FLASH_IRQHandler
                0x00000000080016ec                DMA2_Stream4_IRQHandler
                0x00000000080016ec                OTG_FS_IRQHandler
                0x00000000080016ec                SPI3_IRQHandler
                0x00000000080016ec                DMA1_Stream4_IRQHandler
                0x00000000080016ec                I2C1_ER_IRQHandler
                0x00000000080016ec                DMA2_Stream6_IRQHandler
                0x00000000080016ec                DMA1_Stream3_IRQHandler
 *fill*         0x00000000080016ee        0x2 
 .text.HAL_Init
                0x00000000080016f0       0x44 Drivers/STM32F4xx_HAL_Driver/Src/stm32f4xx_hal.o
                0x00000000080016f0                HAL_Init
 .text.HAL_InitTick
                0x0000000008001734       0x60 Drivers/STM32F4xx_HAL_Driver/Src/stm32f4xx_hal.o
                0x0000000008001734                HAL_InitTick
 .text.HAL_IncTick
                0x0000000008001794       0x28 Drivers/STM32F4xx_HAL_Driver/Src/stm32f4xx_hal.o
                0x0000000008001794                HAL_IncTick
 .text.HAL_GetTick
                0x00000000080017bc       0x18 Drivers/STM32F4xx_HAL_Driver/Src/stm32f4xx_hal.o
                0x00000000080017bc                HAL_GetTick
 .text.__NVIC_SetPriorityGrouping
                0x00000000080017d4       0x48 Drivers/STM32F4xx_HAL_Driver/Src/stm32f4xx_hal_cortex.o
 .text.__NVIC_GetPriorityGrouping
                0x000000000800181c       0x1c Drivers/STM32F4xx_HAL_Driver/Src/stm32f4xx_hal_cortex.o
 .text.__NVIC_EnableIRQ
                0x0000000008001838       0x3c Drivers/STM32F4xx_HAL_Driver/Src/stm32f4xx_hal_cortex.o
 .text.__NVIC_SetPriority
                0x0000000008001874       0x54 Drivers/STM32F4xx_HAL_Driver/Src/stm32f4xx_hal_cortex.o
 .text.NVIC_EncodePriority
                0x00000000080018c8       0x66 Drivers/STM32F4xx_HAL_Driver/Src/stm32f4xx_hal_cortex.o
 *fill*         0x000000000800192e        0x2 
 .text.SysTick_Config
                0x0000000008001930       0x44 Drivers/STM32F4xx_HAL_Driver/Src/stm32f4xx_hal_cortex.o
 .text.HAL_NVIC_SetPriorityGrouping
                0x0000000008001974       0x16 Drivers/STM32F4xx_HAL_Driver/Src/stm32f4xx_hal_cortex.o
                0x0000000008001974                HAL_NVIC_SetPriorityGrouping
 .text.HAL_NVIC_SetPriority
                0x000000000800198a       0x38 Drivers/STM32F4xx_HAL_Driver/Src/stm32f4xx_hal_cortex.o
                0x000000000800198a                HAL_NVIC_SetPriority
 .text.HAL_NVIC_EnableIRQ
                0x00000000080019c2       0x1c Drivers/STM32F4xx_HAL_Driver/Src/stm32f4xx_hal_cortex.o
                0x00000000080019c2                HAL_NVIC_EnableIRQ
 .text.HAL_SYSTICK_Config
                0x00000000080019de       0x18 Drivers/STM32F4xx_HAL_Driver/Src/stm32f4xx_hal_cortex.o
                0x00000000080019de                HAL_SYSTICK_Config
 .text.HAL_DMA_Abort_IT
                0x00000000080019f6       0x44 Drivers/STM32F4xx_HAL_Driver/Src/stm32f4xx_hal_dma.o
                0x00000000080019f6                HAL_DMA_Abort_IT
 *fill*         0x0000000008001a3a        0x2 
 .text.HAL_GPIO_Init
                0x0000000008001a3c      0x304 Drivers/STM32F4xx_HAL_Driver/Src/stm32f4xx_hal_gpio.o
                0x0000000008001a3c                HAL_GPIO_Init
 .text.HAL_RCC_OscConfig
                0x0000000008001d40      0x4e0 Drivers/STM32F4xx_HAL_Driver/Src/stm32f4xx_hal_rcc.o
                0x0000000008001d40                HAL_RCC_OscConfig
 .text.HAL_RCC_ClockConfig
                0x0000000008002220      0x1cc Drivers/STM32F4xx_HAL_Driver/Src/stm32f4xx_hal_rcc.o
                0x0000000008002220                HAL_RCC_ClockConfig
 .text.HAL_RCC_GetSysClockFreq
                0x00000000080023ec      0x164 Drivers/STM32F4xx_HAL_Driver/Src/stm32f4xx_hal_rcc.o
                0x00000000080023ec                HAL_RCC_GetSysClockFreq
 .text.HAL_RCC_GetHCLKFreq
                0x0000000008002550       0x18 Drivers/STM32F4xx_HAL_Driver/Src/stm32f4xx_hal_rcc.o
                0x0000000008002550                HAL_RCC_GetHCLKFreq
 .text.HAL_RCC_GetPCLK1Freq
                0x0000000008002568       0x28 Drivers/STM32F4xx_HAL_Driver/Src/stm32f4xx_hal_rcc.o
                0x0000000008002568                HAL_RCC_GetPCLK1Freq
 .text.HAL_RCC_GetPCLK2Freq
                0x0000000008002590       0x28 Drivers/STM32F4xx_HAL_Driver/Src/stm32f4xx_hal_rcc.o
                0x0000000008002590                HAL_RCC_GetPCLK2Freq
 .text.HAL_UART_Init
                0x00000000080025b8       0x9a Drivers/STM32F4xx_HAL_Driver/Src/stm32f4xx_hal_uart.o
                0x00000000080025b8                HAL_UART_Init
 .text.HAL_UART_Transmit_IT
                0x0000000008002652       0x8a Drivers/STM32F4xx_HAL_Driver/Src/stm32f4xx_hal_uart.o
                0x0000000008002652                HAL_UART_Transmit_IT
 .text.HAL_UART_Receive_IT
                0x00000000080026dc       0xaa Drivers/STM32F4xx_HAL_Driver/Src/stm32f4xx_hal_uart.o
                0x00000000080026dc                HAL_UART_Receive_IT
 *fill*         0x0000000008002786        0x2 
 .text.HAL_UART_IRQHandler
                0x0000000008002788      0x200 Drivers/STM32F4xx_HAL_Driver/Src/stm32f4xx_hal_uart.o
                0x0000000008002788                HAL_UART_IRQHandler
 .text.HAL_UART_ErrorCallback
                0x0000000008002988       0x14 Drivers/STM32F4xx_HAL_Driver/Src/stm32f4xx_hal_uart.o
                0x0000000008002988                HAL_UART_ErrorCallback
 .text.UART_EndRxTransfer
                0x000000000800299c       0x3c Drivers/STM32F4xx_HAL_Driver/Src/stm32f4xx_hal_uart.o
 .text.UART_DMAAbortOnError
                0x00000000080029d8       0x28 Drivers/STM32F4xx_HAL_Driver/Src/stm32f4xx_hal_uart.o
 .text.UART_Transmit_IT
                0x0000000008002a00       0xac Drivers/STM32F4xx_HAL_Driver/Src/stm32f4xx_hal_uart.o
 .text.UART_EndTransmit_IT
                0x0000000008002aac       0x30 Drivers/STM32F4xx_HAL_Driver/Src/stm32f4xx_hal_uart.o
 .text.UART_Receive_IT
                0x0000000008002adc      0x102 Drivers/STM32F4xx_HAL_Driver/Src/stm32f4xx_hal_uart.o
 *fill*         0x0000000008002bde        0x2 
 .text.UART_SetConfig
                0x0000000008002be0      0x6f8 Drivers/STM32F4xx_HAL_Driver/Src/stm32f4xx_hal_uart.o
 .text.MX_MBEDTLS_Init
                0x00000000080032d8        0xe MBEDTLS/App/mbedtls.o
                0x00000000080032d8                MX_MBEDTLS_Init
 *fill*         0x00000000080032e6        0x2 
 .text.base64url_encode
                0x00000000080032e8      0x180 Middlewares/Third_Party/base64url/base64url.o
                0x00000000080032e8                base64url_encode
 .text.mbedtls_aes_init
                0x0000000008003468       0x1c Middlewares/Third_Party/mbedTLS/library/aes.o
                0x0000000008003468                mbedtls_aes_init
 .text.mbedtls_aes_free
                0x0000000008003484       0x22 Middlewares/Third_Party/mbedTLS/library/aes.o
                0x0000000008003484                mbedtls_aes_free
 *fill*         0x00000000080034a6        0x2 
 .text.mbedtls_aes_setkey_enc
                0x00000000080034a8      0x398 Middlewares/Third_Party/mbedTLS/library/aes.o
                0x00000000080034a8                mbedtls_aes_setkey_enc
 .text.mbedtls_internal_aes_encrypt
                0x0000000008003840      0x5c8 Middlewares/Third_Party/mbedTLS/library/aes.o
                0x0000000008003840                mbedtls_internal_aes_encrypt
 .text.mbedtls_internal_aes_decrypt
                0x0000000008003e08      0x5c8 Middlewares/Third_Party/mbedTLS/library/aes.o
                0x0000000008003e08                mbedtls_internal_aes_decrypt
 .text.mbedtls_aes_crypt_ecb
                0x00000000080043d0       0x36 Middlewares/Third_Party/mbedTLS/library/aes.o
                0x00000000080043d0                mbedtls_aes_crypt_ecb
 *fill*         0x0000000008004406        0x2 
 .text.mbedtls_asn1_get_len
                0x0000000008004408      0x184 Middlewares/Third_Party/mbedTLS/library/asn1parse.o
                0x0000000008004408                mbedtls_asn1_get_len
 .text.mbedtls_asn1_get_tag
                0x000000000800458c       0x52 Middlewares/Third_Party/mbedTLS/library/asn1parse.o
                0x000000000800458c                mbedtls_asn1_get_tag
 .text.mbedtls_asn1_get_int
                0x00000000080045de       0x7c Middlewares/Third_Party/mbedTLS/library/asn1parse.o
                0x00000000080045de                mbedtls_asn1_get_int
 .text.mbedtls_asn1_get_mpi
                0x000000000800465a       0x4c Middlewares/Third_Party/mbedTLS/library/asn1parse.o
                0x000000000800465a                mbedtls_asn1_get_mpi
 .text.mbedtls_asn1_get_bitstring_null
                0x00000000080046a6       0x52 Middlewares/Third_Party/mbedTLS/library/asn1parse.o
                0x00000000080046a6                mbedtls_asn1_get_bitstring_null
 .text.mbedtls_asn1_get_alg
                0x00000000080046f8       0xf6 Middlewares/Third_Party/mbedTLS/library/asn1parse.o
                0x00000000080046f8                mbedtls_asn1_get_alg
 .text.mbedtls_asn1_write_len
                0x00000000080047ee      0x1da Middlewares/Third_Party/mbedTLS/library/asn1write.o
                0x00000000080047ee                mbedtls_asn1_write_len
 .text.mbedtls_asn1_write_tag
                0x00000000080049c8       0x42 Middlewares/Third_Party/mbedTLS/library/asn1write.o
                0x00000000080049c8                mbedtls_asn1_write_tag
 .text.mbedtls_asn1_write_mpi
                0x0000000008004a0a       0xec Middlewares/Third_Party/mbedTLS/library/asn1write.o
                0x0000000008004a0a                mbedtls_asn1_write_mpi
 *fill*         0x0000000008004af6        0x2 
 .text.mbedtls_base64_decode
                0x0000000008004af8      0x238 Middlewares/Third_Party/mbedTLS/library/base64.o
                0x0000000008004af8                mbedtls_base64_decode
 .text.mbedtls_mpi_zeroize
                0x0000000008004d30       0x1e Middlewares/Third_Party/mbedTLS/library/bignum.o
 .text.mbedtls_mpi_init
                0x0000000008004d4e       0x26 Middlewares/Third_Party/mbedTLS/library/bignum.o
                0x0000000008004d4e                mbedtls_mpi_init
 .text.mbedtls_mpi_free
                0x0000000008004d74       0x4c Middlewares/Third_Party/mbedTLS/library/bignum.o
                0x0000000008004d74                mbedtls_mpi_free
 .text.mbedtls_mpi_grow
                0x0000000008004dc0       0x86 Middlewares/Third_Party/mbedTLS/library/bignum.o
                0x0000000008004dc0                mbedtls_mpi_grow
 .text.mbedtls_mpi_shrink
                0x0000000008004e46       0xcc Middlewares/Third_Party/mbedTLS/library/bignum.o
                0x0000000008004e46                mbedtls_mpi_shrink
 .text.mbedtls_mpi_copy
                0x0000000008004f12       0xb8 Middlewares/Third_Party/mbedTLS/library/bignum.o
                0x0000000008004f12                mbedtls_mpi_copy
 .text.mbedtls_mpi_safe_cond_assign
                0x0000000008004fca       0xe4 Middlewares/Third_Party/mbedTLS/library/bignum.o
                0x0000000008004fca                mbedtls_mpi_safe_cond_assign
 .text.mbedtls_mpi_safe_cond_swap
                0x00000000080050ae      0x12a Middlewares/Third_Party/mbedTLS/library/bignum.o
                0x00000000080050ae                mbedtls_mpi_safe_cond_swap
 .text.mbedtls_mpi_lset
                0x00000000080051d8       0x5c Middlewares/Third_Party/mbedTLS/library/bignum.o
                0x00000000080051d8                mbedtls_mpi_lset
 .text.mbedtls_mpi_get_bit
                0x0000000008005234       0x42 Middlewares/Third_Party/mbedTLS/library/bignum.o
                0x0000000008005234                mbedtls_mpi_get_bit
 .text.mbedtls_mpi_set_bit
                0x0000000008005276       0xae Middlewares/Third_Party/mbedTLS/library/bignum.o
                0x0000000008005276                mbedtls_mpi_set_bit
 .text.mbedtls_mpi_lsb
                0x0000000008005324       0x66 Middlewares/Third_Party/mbedTLS/library/bignum.o
                0x0000000008005324                mbedtls_mpi_lsb
 .text.mbedtls_clz
                0x000000000800538a       0x42 Middlewares/Third_Party/mbedTLS/library/bignum.o
 .text.mbedtls_mpi_bitlen
                0x00000000080053cc       0x68 Middlewares/Third_Party/mbedTLS/library/bignum.o
                0x00000000080053cc                mbedtls_mpi_bitlen
 .text.mbedtls_mpi_size
                0x0000000008005434       0x1c Middlewares/Third_Party/mbedTLS/library/bignum.o
                0x0000000008005434                mbedtls_mpi_size
 .text.mpi_get_digit
                0x0000000008005450       0x74 Middlewares/Third_Party/mbedTLS/library/bignum.o
 .text.mbedtls_mpi_read_string
                0x00000000080054c4      0x1e2 Middlewares/Third_Party/mbedTLS/library/bignum.o
                0x00000000080054c4                mbedtls_mpi_read_string
 .text.mpi_uint_bigendian_to_host
                0x00000000080056a6       0x18 Middlewares/Third_Party/mbedTLS/library/bignum.o
 .text.mpi_bigendian_to_host
                0x00000000080056be       0x66 Middlewares/Third_Party/mbedTLS/library/bignum.o
 .text.mbedtls_mpi_read_binary
                0x0000000008005724       0xa2 Middlewares/Third_Party/mbedTLS/library/bignum.o
                0x0000000008005724                mbedtls_mpi_read_binary
 .text.mbedtls_mpi_write_binary
                0x00000000080057c6       0xc8 Middlewares/Third_Party/mbedTLS/library/bignum.o
                0x00000000080057c6                mbedtls_mpi_write_binary
 .text.mbedtls_mpi_shift_l
                0x000000000800588e      0x14a Middlewares/Third_Party/mbedTLS/library/bignum.o
                0x000000000800588e                mbedtls_mpi_shift_l
 .text.mbedtls_mpi_shift_r
                0x00000000080059d8      0x136 Middlewares/Third_Party/mbedTLS/library/bignum.o
                0x00000000080059d8                mbedtls_mpi_shift_r
 .text.mbedtls_mpi_cmp_abs
                0x0000000008005b0e      0x104 Middlewares/Third_Party/mbedTLS/library/bignum.o
                0x0000000008005b0e                mbedtls_mpi_cmp_abs
 .text.mbedtls_mpi_cmp_mpi
                0x0000000008005c12      0x136 Middlewares/Third_Party/mbedTLS/library/bignum.o
                0x0000000008005c12                mbedtls_mpi_cmp_mpi
 .text.mbedtls_mpi_cmp_int
                0x0000000008005d48       0x44 Middlewares/Third_Party/mbedTLS/library/bignum.o
                0x0000000008005d48                mbedtls_mpi_cmp_int
 .text.mbedtls_mpi_add_abs
                0x0000000008005d8c      0x168 Middlewares/Third_Party/mbedTLS/library/bignum.o
                0x0000000008005d8c                mbedtls_mpi_add_abs
 .text.mpi_sub_hlp
                0x0000000008005ef4       0xb2 Middlewares/Third_Party/mbedTLS/library/bignum.o
 .text.mbedtls_mpi_sub_abs
                0x0000000008005fa6       0xc8 Middlewares/Third_Party/mbedTLS/library/bignum.o
                0x0000000008005fa6                mbedtls_mpi_sub_abs
 .text.mbedtls_mpi_add_mpi
                0x000000000800606e       0x94 Middlewares/Third_Party/mbedTLS/library/bignum.o
                0x000000000800606e                mbedtls_mpi_add_mpi
 .text.mbedtls_mpi_sub_mpi
                0x0000000008006102       0x94 Middlewares/Third_Party/mbedTLS/library/bignum.o
                0x0000000008006102                mbedtls_mpi_sub_mpi
 .text.mbedtls_mpi_add_int
                0x0000000008006196       0x48 Middlewares/Third_Party/mbedTLS/library/bignum.o
                0x0000000008006196                mbedtls_mpi_add_int
 .text.mbedtls_mpi_sub_int
                0x00000000080061de       0x48 Middlewares/Third_Party/mbedTLS/library/bignum.o
                0x00000000080061de                mbedtls_mpi_sub_int
 .text.mpi_mul_hlp
                0x0000000008006226     0x1750 Middlewares/Third_Party/mbedTLS/library/bignum.o
 .text.mbedtls_mpi_mul_mpi
                0x0000000008007976      0x160 Middlewares/Third_Party/mbedTLS/library/bignum.o
                0x0000000008007976                mbedtls_mpi_mul_mpi
 .text.mbedtls_mpi_mul_int
                0x0000000008007ad6       0x36 Middlewares/Third_Party/mbedTLS/library/bignum.o
                0x0000000008007ad6                mbedtls_mpi_mul_int
 .text.mbedtls_int_div_int
                0x0000000008007b0c      0x194 Middlewares/Third_Party/mbedTLS/library/bignum.o
 .text.mbedtls_mpi_div_mpi
                0x0000000008007ca0      0x5ae Middlewares/Third_Party/mbedTLS/library/bignum.o
                0x0000000008007ca0                mbedtls_mpi_div_mpi
 .text.mbedtls_mpi_mod_mpi
                0x000000000800824e       0x8e Middlewares/Third_Party/mbedTLS/library/bignum.o
                0x000000000800824e                mbedtls_mpi_mod_mpi
 .text.mbedtls_mpi_gcd
                0x00000000080082dc      0x1ec Middlewares/Third_Party/mbedTLS/library/bignum.o
                0x00000000080082dc                mbedtls_mpi_gcd
 .text.mbedtls_mpi_fill_random
                0x00000000080084c8       0x98 Middlewares/Third_Party/mbedTLS/library/bignum.o
                0x00000000080084c8                mbedtls_mpi_fill_random
 .text.mbedtls_mpi_inv_mod
                0x0000000008008560      0x4a6 Middlewares/Third_Party/mbedTLS/library/bignum.o
                0x0000000008008560                mbedtls_mpi_inv_mod
 .text.mbedtls_ctr_drbg_init
                0x0000000008008a06       0x1c Middlewares/Third_Party/mbedTLS/library/ctr_drbg.o
                0x0000000008008a06                mbedtls_ctr_drbg_init
 .text.mbedtls_ctr_drbg_seed_entropy_len
                0x0000000008008a22       0x82 Middlewares/Third_Party/mbedTLS/library/ctr_drbg.o
                0x0000000008008a22                mbedtls_ctr_drbg_seed_entropy_len
 .text.mbedtls_ctr_drbg_seed
                0x0000000008008aa4       0x2c Middlewares/Third_Party/mbedTLS/library/ctr_drbg.o
                0x0000000008008aa4                mbedtls_ctr_drbg_seed
 .text.block_cipher_df
                0x0000000008008ad0      0x30e Middlewares/Third_Party/mbedTLS/library/ctr_drbg.o
 .text.ctr_drbg_update_internal
                0x0000000008008dde       0xfc Middlewares/Third_Party/mbedTLS/library/ctr_drbg.o
 .text.mbedtls_ctr_drbg_reseed
                0x0000000008008eda      0x134 Middlewares/Third_Party/mbedTLS/library/ctr_drbg.o
                0x0000000008008eda                mbedtls_ctr_drbg_reseed
 .text.mbedtls_ctr_drbg_random_with_add
                0x000000000800900e      0x16a Middlewares/Third_Party/mbedTLS/library/ctr_drbg.o
                0x000000000800900e                mbedtls_ctr_drbg_random_with_add
 .text.mbedtls_ctr_drbg_random
                0x0000000008009178       0x2c Middlewares/Third_Party/mbedTLS/library/ctr_drbg.o
                0x0000000008009178                mbedtls_ctr_drbg_random
 .text.derive_mpi
                0x00000000080091a4       0x98 Middlewares/Third_Party/mbedTLS/library/ecdsa.o
 .text.ecdsa_sign_restartable
                0x000000000800923c      0x26c Middlewares/Third_Party/mbedTLS/library/ecdsa.o
 .text.ecdsa_verify_restartable
                0x00000000080094a8      0x200 Middlewares/Third_Party/mbedTLS/library/ecdsa.o
 .text.ecdsa_signature_to_asn1
                0x00000000080096a8       0xfe Middlewares/Third_Party/mbedTLS/library/ecdsa.o
 .text.mbedtls_ecdsa_write_signature_restartable
                0x00000000080097a6       0x8e Middlewares/Third_Party/mbedTLS/library/ecdsa.o
                0x00000000080097a6                mbedtls_ecdsa_write_signature_restartable
 .text.mbedtls_ecdsa_write_signature
                0x0000000008009834       0x3a Middlewares/Third_Party/mbedTLS/library/ecdsa.o
                0x0000000008009834                mbedtls_ecdsa_write_signature
 .text.mbedtls_ecdsa_read_signature
                0x000000000800986e       0x2c Middlewares/Third_Party/mbedTLS/library/ecdsa.o
                0x000000000800986e                mbedtls_ecdsa_read_signature
 *fill*         0x000000000800989a        0x2 
 .text.mbedtls_ecdsa_read_signature_restartable
                0x000000000800989c      0x100 Middlewares/Third_Party/mbedTLS/library/ecdsa.o
                0x000000000800989c                mbedtls_ecdsa_read_signature_restartable
 .text.mbedtls_ecdsa_from_keypair
                0x000000000800999c       0x62 Middlewares/Third_Party/mbedTLS/library/ecdsa.o
                0x000000000800999c                mbedtls_ecdsa_from_keypair
 .text.mbedtls_ecdsa_init
                0x00000000080099fe       0x16 Middlewares/Third_Party/mbedTLS/library/ecdsa.o
                0x00000000080099fe                mbedtls_ecdsa_init
 .text.mbedtls_ecdsa_free
                0x0000000008009a14       0x1e Middlewares/Third_Party/mbedTLS/library/ecdsa.o
                0x0000000008009a14                mbedtls_ecdsa_free
 .text.ecp_get_type
                0x0000000008009a32       0x2e Middlewares/Third_Party/mbedTLS/library/ecp.o
 .text.mbedtls_ecp_point_init
                0x0000000008009a60       0x2c Middlewares/Third_Party/mbedTLS/library/ecp.o
                0x0000000008009a60                mbedtls_ecp_point_init
 .text.mbedtls_ecp_group_init
                0x0000000008009a8c       0x7e Middlewares/Third_Party/mbedTLS/library/ecp.o
                0x0000000008009a8c                mbedtls_ecp_group_init
 .text.mbedtls_ecp_keypair_init
                0x0000000008009b0a       0x2c Middlewares/Third_Party/mbedTLS/library/ecp.o
                0x0000000008009b0a                mbedtls_ecp_keypair_init
 .text.mbedtls_ecp_point_free
                0x0000000008009b36       0x34 Middlewares/Third_Party/mbedTLS/library/ecp.o
                0x0000000008009b36                mbedtls_ecp_point_free
 .text.mbedtls_ecp_group_free
                0x0000000008009b6a       0x98 Middlewares/Third_Party/mbedTLS/library/ecp.o
                0x0000000008009b6a                mbedtls_ecp_group_free
 .text.mbedtls_ecp_keypair_free
                0x0000000008009c02       0x34 Middlewares/Third_Party/mbedTLS/library/ecp.o
                0x0000000008009c02                mbedtls_ecp_keypair_free
 .text.mbedtls_ecp_copy
                0x0000000008009c36       0x62 Middlewares/Third_Party/mbedTLS/library/ecp.o
                0x0000000008009c36                mbedtls_ecp_copy
 .text.mbedtls_ecp_group_copy
                0x0000000008009c98       0x20 Middlewares/Third_Party/mbedTLS/library/ecp.o
                0x0000000008009c98                mbedtls_ecp_group_copy
 .text.mbedtls_ecp_set_zero
                0x0000000008009cb8       0x52 Middlewares/Third_Party/mbedTLS/library/ecp.o
                0x0000000008009cb8                mbedtls_ecp_set_zero
 .text.mbedtls_ecp_is_zero
                0x0000000008009d0a       0x28 Middlewares/Third_Party/mbedTLS/library/ecp.o
                0x0000000008009d0a                mbedtls_ecp_is_zero
 *fill*         0x0000000008009d32        0x2 
 .text.mbedtls_ecp_point_read_binary
                0x0000000008009d34       0xbc Middlewares/Third_Party/mbedTLS/library/ecp.o
                0x0000000008009d34                mbedtls_ecp_point_read_binary
 .text.ecp_modp
                0x0000000008009df0       0xd4 Middlewares/Third_Party/mbedTLS/library/ecp.o
 .text.ecp_normalize_jac
                0x0000000008009ec4      0x15a Middlewares/Third_Party/mbedTLS/library/ecp.o
 *fill*         0x000000000800a01e        0x2 
 .text.ecp_normalize_jac_many
                0x000000000800a020      0x3e4 Middlewares/Third_Party/mbedTLS/library/ecp.o
 .text.ecp_safe_invert_jac
                0x000000000800a404       0x88 Middlewares/Third_Party/mbedTLS/library/ecp.o
 .text.ecp_double_jac
                0x000000000800a48c      0x7f6 Middlewares/Third_Party/mbedTLS/library/ecp.o
 *fill*         0x000000000800ac82        0x2 
 .text.ecp_add_mixed
                0x000000000800ac84      0x688 Middlewares/Third_Party/mbedTLS/library/ecp.o
 .text.ecp_randomize_jac
                0x000000000800b30c      0x1c8 Middlewares/Third_Party/mbedTLS/library/ecp.o
 .text.ecp_comb_recode_core
                0x000000000800b4d4      0x156 Middlewares/Third_Party/mbedTLS/library/ecp.o
 .text.ecp_precompute_comb
                0x000000000800b62a      0x1fe Middlewares/Third_Party/mbedTLS/library/ecp.o
 .text.ecp_select_comb
                0x000000000800b828       0xc0 Middlewares/Third_Party/mbedTLS/library/ecp.o
 .text.ecp_mul_comb_core
                0x000000000800b8e8       0xee Middlewares/Third_Party/mbedTLS/library/ecp.o
 *fill*         0x000000000800b9d6        0x2 
 .text.ecp_comb_recode_scalar
                0x000000000800b9d8       0xd8 Middlewares/Third_Party/mbedTLS/library/ecp.o
 .text.ecp_mul_comb_after_precomp
                0x000000000800bab0       0xc0 Middlewares/Third_Party/mbedTLS/library/ecp.o
 .text.ecp_pick_window_size
                0x000000000800bb70       0x50 Middlewares/Third_Party/mbedTLS/library/ecp.o
 .text.ecp_mul_comb
                0x000000000800bbc0      0x17c Middlewares/Third_Party/mbedTLS/library/ecp.o
 .text.ecp_normalize_mxz
                0x000000000800bd3c       0x78 Middlewares/Third_Party/mbedTLS/library/ecp.o
 .text.ecp_randomize_mxz
                0x000000000800bdb4      0x10c Middlewares/Third_Party/mbedTLS/library/ecp.o
 .text.ecp_double_add_mxz
                0x000000000800bec0      0x5c0 Middlewares/Third_Party/mbedTLS/library/ecp.o
 .text.ecp_mul_mxz
                0x000000000800c480      0x1dc Middlewares/Third_Party/mbedTLS/library/ecp.o
 .text.mbedtls_ecp_mul_restartable
                0x000000000800c65c       0xa8 Middlewares/Third_Party/mbedTLS/library/ecp.o
                0x000000000800c65c                mbedtls_ecp_mul_restartable
 .text.mbedtls_ecp_mul
                0x000000000800c704       0x30 Middlewares/Third_Party/mbedTLS/library/ecp.o
                0x000000000800c704                mbedtls_ecp_mul
 .text.ecp_check_pubkey_sw
                0x000000000800c734      0x268 Middlewares/Third_Party/mbedTLS/library/ecp.o
 .text.mbedtls_ecp_mul_shortcuts
                0x000000000800c99c       0xa6 Middlewares/Third_Party/mbedTLS/library/ecp.o
 *fill*         0x000000000800ca42        0x2 
 .text.mbedtls_ecp_muladd_restartable
                0x000000000800ca44       0xa8 Middlewares/Third_Party/mbedTLS/library/ecp.o
                0x000000000800ca44                mbedtls_ecp_muladd_restartable
 .text.ecp_check_pubkey_mx
                0x000000000800caec       0x34 Middlewares/Third_Party/mbedTLS/library/ecp.o
 .text.mbedtls_ecp_check_pubkey
                0x000000000800cb20       0x64 Middlewares/Third_Party/mbedTLS/library/ecp.o
                0x000000000800cb20                mbedtls_ecp_check_pubkey
 .text.mbedtls_ecp_check_privkey
                0x000000000800cb84       0xac Middlewares/Third_Party/mbedTLS/library/ecp.o
                0x000000000800cb84                mbedtls_ecp_check_privkey
 .text.mbedtls_ecp_gen_privkey
                0x000000000800cc30      0x16c Middlewares/Third_Party/mbedTLS/library/ecp.o
                0x000000000800cc30                mbedtls_ecp_gen_privkey
 .text.mbedtls_ecp_check_pub_priv
                0x000000000800cd9c      0x138 Middlewares/Third_Party/mbedTLS/library/ecp.o
                0x000000000800cd9c                mbedtls_ecp_check_pub_priv
 .text.ecp_mpi_load
                0x000000000800ced4       0x2c Middlewares/Third_Party/mbedTLS/library/ecp_curves.o
 .text.ecp_mpi_set1
                0x000000000800cf00       0x2c Middlewares/Third_Party/mbedTLS/library/ecp_curves.o
 .text.ecp_group_load
                0x000000000800cf2c       0xa2 Middlewares/Third_Party/mbedTLS/library/ecp_curves.o
 *fill*         0x000000000800cfce        0x2 
 .text.ecp_use_curve448
                0x000000000800cfd0      0x180 Middlewares/Third_Party/mbedTLS/library/ecp_curves.o
 .text.mbedtls_ecp_group_load
                0x000000000800d150       0xf4 Middlewares/Third_Party/mbedTLS/library/ecp_curves.o
                0x000000000800d150                mbedtls_ecp_group_load
 .text.add32    0x000000000800d244       0x46 Middlewares/Third_Party/mbedTLS/library/ecp_curves.o
 .text.sub32    0x000000000800d28a       0x46 Middlewares/Third_Party/mbedTLS/library/ecp_curves.o
 .text.fix_negative
                0x000000000800d2d0       0x54 Middlewares/Third_Party/mbedTLS/library/ecp_curves.o
 .text.ecp_mod_p256
                0x000000000800d324      0x83a Middlewares/Third_Party/mbedTLS/library/ecp_curves.o
 .text.ecp_mod_p384
                0x000000000800db5e      0xab4 Middlewares/Third_Party/mbedTLS/library/ecp_curves.o
 *fill*         0x000000000800e612        0x2 
 .text.ecp_mod_p448
                0x000000000800e614      0x1b4 Middlewares/Third_Party/mbedTLS/library/ecp_curves.o
 .text.mbedtls_entropy_init
                0x000000000800e7c8       0x36 Middlewares/Third_Party/mbedTLS/library/entropy.o
                0x000000000800e7c8                mbedtls_entropy_init
 .text.entropy_update
                0x000000000800e7fe       0xbc Middlewares/Third_Party/mbedTLS/library/entropy.o
 .text.entropy_gather_internal
                0x000000000800e8ba      0x126 Middlewares/Third_Party/mbedTLS/library/entropy.o
 .text.mbedtls_entropy_func
                0x000000000800e9e0      0x178 Middlewares/Third_Party/mbedTLS/library/entropy.o
                0x000000000800e9e0                mbedtls_entropy_func
 .text.mbedtls_strerror
                0x000000000800eb58      0xae8 Middlewares/Third_Party/mbedTLS/library/error.o
                0x000000000800eb58                mbedtls_strerror
 .text.mbedtls_md_info_from_type
                0x000000000800f640       0x58 Middlewares/Third_Party/mbedTLS/library/md.o
                0x000000000800f640                mbedtls_md_info_from_type
 .text.mbedtls_md
                0x000000000800f698       0x34 Middlewares/Third_Party/mbedTLS/library/md.o
                0x000000000800f698                mbedtls_md
 .text.mbedtls_md_get_size
                0x000000000800f6cc       0x24 Middlewares/Third_Party/mbedTLS/library/md.o
                0x000000000800f6cc                mbedtls_md_get_size
 .text.sha224_starts_wrap
                0x000000000800f6f0       0x1a Middlewares/Third_Party/mbedTLS/library/md_wrap.o
 .text.sha224_update_wrap
                0x000000000800f70a       0x20 Middlewares/Third_Party/mbedTLS/library/md_wrap.o
 .text.sha224_finish_wrap
                0x000000000800f72a       0x1c Middlewares/Third_Party/mbedTLS/library/md_wrap.o
 .text.sha224_wrap
                0x000000000800f746       0x22 Middlewares/Third_Party/mbedTLS/library/md_wrap.o
 .text.sha224_ctx_alloc
                0x000000000800f768       0x28 Middlewares/Third_Party/mbedTLS/library/md_wrap.o
 .text.sha224_ctx_free
                0x000000000800f790       0x1c Middlewares/Third_Party/mbedTLS/library/md_wrap.o
 .text.sha224_clone_wrap
                0x000000000800f7ac       0x1a Middlewares/Third_Party/mbedTLS/library/md_wrap.o
 .text.sha224_process_wrap
                0x000000000800f7c6       0x1c Middlewares/Third_Party/mbedTLS/library/md_wrap.o
 .text.sha256_starts_wrap
                0x000000000800f7e2       0x1a Middlewares/Third_Party/mbedTLS/library/md_wrap.o
 .text.sha256_wrap
                0x000000000800f7fc       0x22 Middlewares/Third_Party/mbedTLS/library/md_wrap.o
 .text.sha384_starts_wrap
                0x000000000800f81e       0x1a Middlewares/Third_Party/mbedTLS/library/md_wrap.o
 .text.sha384_update_wrap
                0x000000000800f838       0x20 Middlewares/Third_Party/mbedTLS/library/md_wrap.o
 .text.sha384_finish_wrap
                0x000000000800f858       0x1c Middlewares/Third_Party/mbedTLS/library/md_wrap.o
 .text.sha384_wrap
                0x000000000800f874       0x22 Middlewares/Third_Party/mbedTLS/library/md_wrap.o
 .text.sha384_ctx_alloc
                0x000000000800f896       0x28 Middlewares/Third_Party/mbedTLS/library/md_wrap.o
 .text.sha384_ctx_free
                0x000000000800f8be       0x1c Middlewares/Third_Party/mbedTLS/library/md_wrap.o
 .text.sha384_clone_wrap
                0x000000000800f8da       0x1a Middlewares/Third_Party/mbedTLS/library/md_wrap.o
 .text.sha384_process_wrap
                0x000000000800f8f4       0x1c Middlewares/Third_Party/mbedTLS/library/md_wrap.o
 .text.sha512_starts_wrap
                0x000000000800f910       0x1a Middlewares/Third_Party/mbedTLS/library/md_wrap.o
 .text.sha512_wrap
                0x000000000800f92a       0x22 Middlewares/Third_Party/mbedTLS/library/md_wrap.o
 .text.oid_pk_alg_from_asn1
                0x000000000800f94c       0x68 Middlewares/Third_Party/mbedTLS/library/oid.o
 .text.mbedtls_oid_get_pk_alg
                0x000000000800f9b4       0x30 Middlewares/Third_Party/mbedTLS/library/oid.o
                0x000000000800f9b4                mbedtls_oid_get_pk_alg
 .text.oid_grp_id_from_asn1
                0x000000000800f9e4       0x68 Middlewares/Third_Party/mbedTLS/library/oid.o
 .text.mbedtls_oid_get_ec_grp
                0x000000000800fa4c       0x30 Middlewares/Third_Party/mbedTLS/library/oid.o
                0x000000000800fa4c                mbedtls_oid_get_ec_grp
 .text.mbedtls_pem_init
                0x000000000800fa7c       0x1a Middlewares/Third_Party/mbedTLS/library/pem.o
                0x000000000800fa7c                mbedtls_pem_init
 *fill*         0x000000000800fa96        0x2 
 .text.mbedtls_pem_read_buffer
                0x000000000800fa98      0x1bc Middlewares/Third_Party/mbedTLS/library/pem.o
                0x000000000800fa98                mbedtls_pem_read_buffer
 .text.mbedtls_pem_free
                0x000000000800fc54       0x44 Middlewares/Third_Party/mbedTLS/library/pem.o
                0x000000000800fc54                mbedtls_pem_free
 .text.mbedtls_pk_init
                0x000000000800fc98       0x20 Middlewares/Third_Party/mbedTLS/library/pk.o
                0x000000000800fc98                mbedtls_pk_init
 .text.mbedtls_pk_free
                0x000000000800fcb8       0x36 Middlewares/Third_Party/mbedTLS/library/pk.o
                0x000000000800fcb8                mbedtls_pk_free
 *fill*         0x000000000800fcee        0x2 
 .text.mbedtls_pk_info_from_type
                0x000000000800fcf0       0x40 Middlewares/Third_Party/mbedTLS/library/pk.o
                0x000000000800fcf0                mbedtls_pk_info_from_type
 .text.mbedtls_pk_setup
                0x000000000800fd30       0x4c Middlewares/Third_Party/mbedTLS/library/pk.o
                0x000000000800fd30                mbedtls_pk_setup
 .text.pk_hashlen_helper
                0x000000000800fd7c       0x46 Middlewares/Third_Party/mbedTLS/library/pk.o
 *fill*         0x000000000800fdc2        0x2 
 .text.mbedtls_pk_sign_restartable
                0x000000000800fdc4       0x74 Middlewares/Third_Party/mbedTLS/library/pk.o
                0x000000000800fdc4                mbedtls_pk_sign_restartable
 .text.mbedtls_pk_sign
                0x000000000800fe38       0x3a Middlewares/Third_Party/mbedTLS/library/pk.o
                0x000000000800fe38                mbedtls_pk_sign
 .text.eckey_can_do
                0x000000000800fe72       0x2e Middlewares/Third_Party/mbedTLS/library/pk_wrap.o
 .text.eckey_get_bitlen
                0x000000000800fea0       0x18 Middlewares/Third_Party/mbedTLS/library/pk_wrap.o
 .text.eckey_verify_wrap
                0x000000000800feb8       0x66 Middlewares/Third_Party/mbedTLS/library/pk_wrap.o
 .text.eckey_sign_wrap
                0x000000000800ff1e       0x72 Middlewares/Third_Party/mbedTLS/library/pk_wrap.o
 .text.eckey_check_pair
                0x000000000800ff90       0x1c Middlewares/Third_Party/mbedTLS/library/pk_wrap.o
 .text.eckey_alloc_wrap
                0x000000000800ffac       0x28 Middlewares/Third_Party/mbedTLS/library/pk_wrap.o
 .text.eckey_free_wrap
                0x000000000800ffd4       0x1c Middlewares/Third_Party/mbedTLS/library/pk_wrap.o
 .text.eckey_debug
                0x000000000800fff0       0x30 Middlewares/Third_Party/mbedTLS/library/pk_wrap.o
 .text.eckeydh_can_do
                0x0000000008010020       0x28 Middlewares/Third_Party/mbedTLS/library/pk_wrap.o
 .text.ecdsa_can_do
                0x0000000008010048       0x22 Middlewares/Third_Party/mbedTLS/library/pk_wrap.o
 *fill*         0x000000000801006a        0x2 
 .text.ecdsa_verify_wrap
                0x000000000801006c       0x3c Middlewares/Third_Party/mbedTLS/library/pk_wrap.o
 .text.ecdsa_sign_wrap
                0x00000000080100a8       0x36 Middlewares/Third_Party/mbedTLS/library/pk_wrap.o
 .text.ecdsa_alloc_wrap
                0x00000000080100de       0x28 Middlewares/Third_Party/mbedTLS/library/pk_wrap.o
 .text.ecdsa_free_wrap
                0x0000000008010106       0x1c Middlewares/Third_Party/mbedTLS/library/pk_wrap.o
 .text.mbedtls_pk_ec
                0x0000000008010122       0x1a Middlewares/Third_Party/mbedTLS/library/pkparse.o
 .text.pk_get_ecparams
                0x000000000801013c       0x90 Middlewares/Third_Party/mbedTLS/library/pkparse.o
 .text.pk_use_ecparams
                0x00000000080101cc       0x6c Middlewares/Third_Party/mbedTLS/library/pkparse.o
 .text.pk_get_ecpubkey
                0x0000000008010238       0x4e Middlewares/Third_Party/mbedTLS/library/pkparse.o
 *fill*         0x0000000008010286        0x2 
 .text.pk_get_pk_alg
                0x0000000008010288       0x84 Middlewares/Third_Party/mbedTLS/library/pkparse.o
 .text.pk_parse_key_sec1_der
                0x000000000801030c      0x238 Middlewares/Third_Party/mbedTLS/library/pkparse.o
 .text.pk_parse_key_pkcs8_unencrypted_der
                0x0000000008010544      0x154 Middlewares/Third_Party/mbedTLS/library/pkparse.o
 .text.mbedtls_pk_parse_key
                0x0000000008010698      0x1c4 Middlewares/Third_Party/mbedTLS/library/pkparse.o
                0x0000000008010698                mbedtls_pk_parse_key
 .text.mbedtls_platform_zeroize
                0x000000000801085c       0x24 Middlewares/Third_Party/mbedTLS/library/platform_util.o
                0x000000000801085c                mbedtls_platform_zeroize
 .text.mbedtls_sha256_init
                0x0000000008010880       0x1a Middlewares/Third_Party/mbedTLS/library/sha256.o
                0x0000000008010880                mbedtls_sha256_init
 .text.mbedtls_sha256_free
                0x000000000801089a       0x20 Middlewares/Third_Party/mbedTLS/library/sha256.o
                0x000000000801089a                mbedtls_sha256_free
 .text.mbedtls_sha256_clone
                0x00000000080108ba       0x22 Middlewares/Third_Party/mbedTLS/library/sha256.o
                0x00000000080108ba                mbedtls_sha256_clone
 .text.mbedtls_sha256_starts_ret
                0x00000000080108dc       0xd4 Middlewares/Third_Party/mbedTLS/library/sha256.o
                0x00000000080108dc                mbedtls_sha256_starts_ret
 .text.mbedtls_internal_sha256_process
                0x00000000080109b0     0x1420 Middlewares/Third_Party/mbedTLS/library/sha256.o
                0x00000000080109b0                mbedtls_internal_sha256_process
 .text.mbedtls_sha256_update_ret
                0x0000000008011dd0       0xea Middlewares/Third_Party/mbedTLS/library/sha256.o
                0x0000000008011dd0                mbedtls_sha256_update_ret
 .text.mbedtls_sha256_finish_ret
                0x0000000008011eba      0x2ce Middlewares/Third_Party/mbedTLS/library/sha256.o
                0x0000000008011eba                mbedtls_sha256_finish_ret
 .text.mbedtls_sha256_ret
                0x0000000008012188       0x70 Middlewares/Third_Party/mbedTLS/library/sha256.o
                0x0000000008012188                mbedtls_sha256_ret
 .text.mbedtls_sha512_init
                0x00000000080121f8       0x1a Middlewares/Third_Party/mbedTLS/library/sha512.o
                0x00000000080121f8                mbedtls_sha512_init
 .text.mbedtls_sha512_free
                0x0000000008012212       0x20 Middlewares/Third_Party/mbedTLS/library/sha512.o
                0x0000000008012212                mbedtls_sha512_free
 .text.mbedtls_sha512_clone
                0x0000000008012232       0x22 Middlewares/Third_Party/mbedTLS/library/sha512.o
                0x0000000008012232                mbedtls_sha512_clone
 *fill*         0x0000000008012254        0x4 
 .text.mbedtls_sha512_starts_ret
                0x0000000008012258      0x188 Middlewares/Third_Party/mbedTLS/library/sha512.o
                0x0000000008012258                mbedtls_sha512_starts_ret
 .text.mbedtls_internal_sha512_process
                0x00000000080123e0     0x1698 Middlewares/Third_Party/mbedTLS/library/sha512.o
                0x00000000080123e0                mbedtls_internal_sha512_process
 .text.mbedtls_sha512_update_ret
                0x0000000008013a78      0x10a Middlewares/Third_Party/mbedTLS/library/sha512.o
                0x0000000008013a78                mbedtls_sha512_update_ret
 .text.mbedtls_sha512_finish_ret
                0x0000000008013b82      0x900 Middlewares/Third_Party/mbedTLS/library/sha512.o
                0x0000000008013b82                mbedtls_sha512_finish_ret
 .text.mbedtls_sha512_ret
                0x0000000008014482       0x7e Middlewares/Third_Party/mbedTLS/library/sha512.o
                0x0000000008014482                mbedtls_sha512_ret
 .text.calloc   0x0000000008014500       0x10 c:/st/stm32cubeide_1.5.0/stm32cubeide/plugins/com.st.stm32cube.ide.mcu.externaltools.gnu-tools-for-stm32.7-2018-q2-update.win32_1.5.0.202011040924/tools/bin/../lib/gcc/arm-none-eabi/7.3.1/../../../../arm-none-eabi/lib/thumb/v7e-m/fpv4-sp/hard\libc_nano.a(lib_a-calloc.o)
                0x0000000008014500                calloc
 .text.__errno  0x0000000008014510        0xc c:/st/stm32cubeide_1.5.0/stm32cubeide/plugins/com.st.stm32cube.ide.mcu.externaltools.gnu-tools-for-stm32.7-2018-q2-update.win32_1.5.0.202011040924/tools/bin/../lib/gcc/arm-none-eabi/7.3.1/../../../../arm-none-eabi/lib/thumb/v7e-m/fpv4-sp/hard\libc_nano.a(lib_a-errno.o)
                0x0000000008014510                __errno
 .text.__libc_init_array
                0x000000000801451c       0x48 c:/st/stm32cubeide_1.5.0/stm32cubeide/plugins/com.st.stm32cube.ide.mcu.externaltools.gnu-tools-for-stm32.7-2018-q2-update.win32_1.5.0.202011040924/tools/bin/../lib/gcc/arm-none-eabi/7.3.1/../../../../arm-none-eabi/lib/thumb/v7e-m/fpv4-sp/hard\libc_nano.a(lib_a-init.o)
                0x000000000801451c                __libc_init_array
 .text.malloc   0x0000000008014564       0x10 c:/st/stm32cubeide_1.5.0/stm32cubeide/plugins/com.st.stm32cube.ide.mcu.externaltools.gnu-tools-for-stm32.7-2018-q2-update.win32_1.5.0.202011040924/tools/bin/../lib/gcc/arm-none-eabi/7.3.1/../../../../arm-none-eabi/lib/thumb/v7e-m/fpv4-sp/hard\libc_nano.a(lib_a-malloc.o)
                0x0000000008014564                malloc
 .text.free     0x0000000008014574       0x10 c:/st/stm32cubeide_1.5.0/stm32cubeide/plugins/com.st.stm32cube.ide.mcu.externaltools.gnu-tools-for-stm32.7-2018-q2-update.win32_1.5.0.202011040924/tools/bin/../lib/gcc/arm-none-eabi/7.3.1/../../../../arm-none-eabi/lib/thumb/v7e-m/fpv4-sp/hard\libc_nano.a(lib_a-malloc.o)
                0x0000000008014574                free
 .text.memcmp   0x0000000008014584       0x1e c:/st/stm32cubeide_1.5.0/stm32cubeide/plugins/com.st.stm32cube.ide.mcu.externaltools.gnu-tools-for-stm32.7-2018-q2-update.win32_1.5.0.202011040924/tools/bin/../lib/gcc/arm-none-eabi/7.3.1/../../../../arm-none-eabi/lib/thumb/v7e-m/fpv4-sp/hard\libc_nano.a(lib_a-memcmp.o)
                0x0000000008014584                memcmp
 .text.memcpy   0x00000000080145a2       0x16 c:/st/stm32cubeide_1.5.0/stm32cubeide/plugins/com.st.stm32cube.ide.mcu.externaltools.gnu-tools-for-stm32.7-2018-q2-update.win32_1.5.0.202011040924/tools/bin/../lib/gcc/arm-none-eabi/7.3.1/../../../../arm-none-eabi/lib/thumb/v7e-m/fpv4-sp/hard\libc_nano.a(lib_a-memcpy-stub.o)
                0x00000000080145a2                memcpy
 .text.memmove  0x00000000080145b8       0x32 c:/st/stm32cubeide_1.5.0/stm32cubeide/plugins/com.st.stm32cube.ide.mcu.externaltools.gnu-tools-for-stm32.7-2018-q2-update.win32_1.5.0.202011040924/tools/bin/../lib/gcc/arm-none-eabi/7.3.1/../../../../arm-none-eabi/lib/thumb/v7e-m/fpv4-sp/hard\libc_nano.a(lib_a-memmove.o)
                0x00000000080145b8                memmove
 .text.memset   0x00000000080145ea       0x10 c:/st/stm32cubeide_1.5.0/stm32cubeide/plugins/com.st.stm32cube.ide.mcu.externaltools.gnu-tools-for-stm32.7-2018-q2-update.win32_1.5.0.202011040924/tools/bin/../lib/gcc/arm-none-eabi/7.3.1/../../../../arm-none-eabi/lib/thumb/v7e-m/fpv4-sp/hard\libc_nano.a(lib_a-memset.o)
                0x00000000080145ea                memset
 .text._calloc_r
                0x00000000080145fa       0x1c c:/st/stm32cubeide_1.5.0/stm32cubeide/plugins/com.st.stm32cube.ide.mcu.externaltools.gnu-tools-for-stm32.7-2018-q2-update.win32_1.5.0.202011040924/tools/bin/../lib/gcc/arm-none-eabi/7.3.1/../../../../arm-none-eabi/lib/thumb/v7e-m/fpv4-sp/hard\libc_nano.a(lib_a-nano-callocr.o)
                0x00000000080145fa                _calloc_r
 *fill*         0x0000000008014616        0x2 
 .text._free_r  0x0000000008014618       0x9c c:/st/stm32cubeide_1.5.0/stm32cubeide/plugins/com.st.stm32cube.ide.mcu.externaltools.gnu-tools-for-stm32.7-2018-q2-update.win32_1.5.0.202011040924/tools/bin/../lib/gcc/arm-none-eabi/7.3.1/../../../../arm-none-eabi/lib/thumb/v7e-m/fpv4-sp/hard\libc_nano.a(lib_a-nano-freer.o)
                0x0000000008014618                _free_r
 .text._malloc_r
                0x00000000080146b4       0xb4 c:/st/stm32cubeide_1.5.0/stm32cubeide/plugins/com.st.stm32cube.ide.mcu.externaltools.gnu-tools-for-stm32.7-2018-q2-update.win32_1.5.0.202011040924/tools/bin/../lib/gcc/arm-none-eabi/7.3.1/../../../../arm-none-eabi/lib/thumb/v7e-m/fpv4-sp/hard\libc_nano.a(lib_a-nano-mallocr.o)
                0x00000000080146b4                _malloc_r
 .text._sbrk_r  0x0000000008014768       0x20 c:/st/stm32cubeide_1.5.0/stm32cubeide/plugins/com.st.stm32cube.ide.mcu.externaltools.gnu-tools-for-stm32.7-2018-q2-update.win32_1.5.0.202011040924/tools/bin/../lib/gcc/arm-none-eabi/7.3.1/../../../../arm-none-eabi/lib/thumb/v7e-m/fpv4-sp/hard\libc_nano.a(lib_a-sbrkr.o)
                0x0000000008014768                _sbrk_r
 .text.snprintf
                0x0000000008014788       0x68 c:/st/stm32cubeide_1.5.0/stm32cubeide/plugins/com.st.stm32cube.ide.mcu.externaltools.gnu-tools-for-stm32.7-2018-q2-update.win32_1.5.0.202011040924/tools/bin/../lib/gcc/arm-none-eabi/7.3.1/../../../../arm-none-eabi/lib/thumb/v7e-m/fpv4-sp/hard\libc_nano.a(lib_a-snprintf.o)
                0x0000000008014788                sniprintf
                0x0000000008014788                snprintf
 .text.sprintf  0x00000000080147f0       0x40 c:/st/stm32cubeide_1.5.0/stm32cubeide/plugins/com.st.stm32cube.ide.mcu.externaltools.gnu-tools-for-stm32.7-2018-q2-update.win32_1.5.0.202011040924/tools/bin/../lib/gcc/arm-none-eabi/7.3.1/../../../../arm-none-eabi/lib/thumb/v7e-m/fpv4-sp/hard\libc_nano.a(lib_a-sprintf.o)
                0x00000000080147f0                siprintf
                0x00000000080147f0                sprintf
 .text.strchr   0x0000000008014830       0x1a c:/st/stm32cubeide_1.5.0/stm32cubeide/plugins/com.st.stm32cube.ide.mcu.externaltools.gnu-tools-for-stm32.7-2018-q2-update.win32_1.5.0.202011040924/tools/bin/../lib/gcc/arm-none-eabi/7.3.1/../../../../arm-none-eabi/lib/thumb/v7e-m/fpv4-sp/hard\libc_nano.a(lib_a-strchr.o)
                0x0000000008014830                strchr
 .text.strstr   0x000000000801484a       0x34 c:/st/stm32cubeide_1.5.0/stm32cubeide/plugins/com.st.stm32cube.ide.mcu.externaltools.gnu-tools-for-stm32.7-2018-q2-update.win32_1.5.0.202011040924/tools/bin/../lib/gcc/arm-none-eabi/7.3.1/../../../../arm-none-eabi/lib/thumb/v7e-m/fpv4-sp/hard\libc_nano.a(lib_a-strstr.o)
                0x000000000801484a                strstr
 *fill*         0x000000000801487e        0x2 
 .text.time     0x0000000008014880       0x34 c:/st/stm32cubeide_1.5.0/stm32cubeide/plugins/com.st.stm32cube.ide.mcu.externaltools.gnu-tools-for-stm32.7-2018-q2-update.win32_1.5.0.202011040924/tools/bin/../lib/gcc/arm-none-eabi/7.3.1/../../../../arm-none-eabi/lib/thumb/v7e-m/fpv4-sp/hard\libc_nano.a(lib_a-time.o)
                0x0000000008014880                time
 .text._gettimeofday_r
                0x00000000080148b4       0x24 c:/st/stm32cubeide_1.5.0/stm32cubeide/plugins/com.st.stm32cube.ide.mcu.externaltools.gnu-tools-for-stm32.7-2018-q2-update.win32_1.5.0.202011040924/tools/bin/../lib/gcc/arm-none-eabi/7.3.1/../../../../arm-none-eabi/lib/thumb/v7e-m/fpv4-sp/hard\libc_nano.a(lib_a-gettimeofdayr.o)
                0x00000000080148b4                _gettimeofday_r
 .text.__malloc_lock
                0x00000000080148d8        0x2 c:/st/stm32cubeide_1.5.0/stm32cubeide/plugins/com.st.stm32cube.ide.mcu.externaltools.gnu-tools-for-stm32.7-2018-q2-update.win32_1.5.0.202011040924/tools/bin/../lib/gcc/arm-none-eabi/7.3.1/../../../../arm-none-eabi/lib/thumb/v7e-m/fpv4-sp/hard\libc_nano.a(lib_a-mlock.o)
                0x00000000080148d8                __malloc_lock
 .text.__malloc_unlock
                0x00000000080148da        0x2 c:/st/stm32cubeide_1.5.0/stm32cubeide/plugins/com.st.stm32cube.ide.mcu.externaltools.gnu-tools-for-stm32.7-2018-q2-update.win32_1.5.0.202011040924/tools/bin/../lib/gcc/arm-none-eabi/7.3.1/../../../../arm-none-eabi/lib/thumb/v7e-m/fpv4-sp/hard\libc_nano.a(lib_a-mlock.o)
                0x00000000080148da                __malloc_unlock
 .text.__ssputs_r
                0x00000000080148dc       0xb4 c:/st/stm32cubeide_1.5.0/stm32cubeide/plugins/com.st.stm32cube.ide.mcu.externaltools.gnu-tools-for-stm32.7-2018-q2-update.win32_1.5.0.202011040924/tools/bin/../lib/gcc/arm-none-eabi/7.3.1/../../../../arm-none-eabi/lib/thumb/v7e-m/fpv4-sp/hard\libc_nano.a(lib_a-nano-svfprintf.o)
                0x00000000080148dc                __ssputs_r
 .text._svfprintf_r
                0x0000000008014990      0x1f0 c:/st/stm32cubeide_1.5.0/stm32cubeide/plugins/com.st.stm32cube.ide.mcu.externaltools.gnu-tools-for-stm32.7-2018-q2-update.win32_1.5.0.202011040924/tools/bin/../lib/gcc/arm-none-eabi/7.3.1/../../../../arm-none-eabi/lib/thumb/v7e-m/fpv4-sp/hard\libc_nano.a(lib_a-nano-svfprintf.o)
                0x0000000008014990                _svfiprintf_r
                0x0000000008014990                _svfprintf_r
 .text._printf_common
                0x0000000008014b80       0xea c:/st/stm32cubeide_1.5.0/stm32cubeide/plugins/com.st.stm32cube.ide.mcu.externaltools.gnu-tools-for-stm32.7-2018-q2-update.win32_1.5.0.202011040924/tools/bin/../lib/gcc/arm-none-eabi/7.3.1/../../../../arm-none-eabi/lib/thumb/v7e-m/fpv4-sp/hard\libc_nano.a(lib_a-nano-vfprintf_i.o)
                0x0000000008014b80                _printf_common
 *fill*         0x0000000008014c6a        0x2 
 .text._printf_i
                0x0000000008014c6c      0x224 c:/st/stm32cubeide_1.5.0/stm32cubeide/plugins/com.st.stm32cube.ide.mcu.externaltools.gnu-tools-for-stm32.7-2018-q2-update.win32_1.5.0.202011040924/tools/bin/../lib/gcc/arm-none-eabi/7.3.1/../../../../arm-none-eabi/lib/thumb/v7e-m/fpv4-sp/hard\libc_nano.a(lib_a-nano-vfprintf_i.o)
                0x0000000008014c6c                _printf_i
 .text._realloc_r
                0x0000000008014e90       0x4c c:/st/stm32cubeide_1.5.0/stm32cubeide/plugins/com.st.stm32cube.ide.mcu.externaltools.gnu-tools-for-stm32.7-2018-q2-update.win32_1.5.0.202011040924/tools/bin/../lib/gcc/arm-none-eabi/7.3.1/../../../../arm-none-eabi/lib/thumb/v7e-m/fpv4-sp/hard\libc_nano.a(lib_a-nano-reallocr.o)
                0x0000000008014e90                _realloc_r
 .text._malloc_usable_size_r
                0x0000000008014edc       0x10 c:/st/stm32cubeide_1.5.0/stm32cubeide/plugins/com.st.stm32cube.ide.mcu.externaltools.gnu-tools-for-stm32.7-2018-q2-update.win32_1.5.0.202011040924/tools/bin/../lib/gcc/arm-none-eabi/7.3.1/../../../../arm-none-eabi/lib/thumb/v7e-m/fpv4-sp/hard\libc_nano.a(lib_a-nano-msizer.o)
                0x0000000008014edc                _malloc_usable_size_r
 .text._gettimeofday
                0x0000000008014eec       0x10 c:/st/stm32cubeide_1.5.0/stm32cubeide/plugins/com.st.stm32cube.ide.mcu.externaltools.gnu-tools-for-stm32.7-2018-q2-update.win32_1.5.0.202011040924/tools/bin/../lib/gcc/arm-none-eabi/7.3.1/../../../../arm-none-eabi/lib/thumb/v7e-m/fpv4-sp/hard\libnosys.a(gettod.o)
                0x0000000008014eec                _gettimeofday
 *(.glue_7)
 .glue_7        0x0000000008014efc        0x0 linker stubs
 *(.glue_7t)
 .glue_7t       0x0000000008014efc        0x0 linker stubs
 *(.eh_frame)
 .eh_frame      0x0000000008014efc        0x0 c:/st/stm32cubeide_1.5.0/stm32cubeide/plugins/com.st.stm32cube.ide.mcu.externaltools.gnu-tools-for-stm32.7-2018-q2-update.win32_1.5.0.202011040924/tools/bin/../lib/gcc/arm-none-eabi/7.3.1/thumb/v7e-m/fpv4-sp/hard/crtbegin.o
 *(.init)
 .init          0x0000000008014efc        0x4 c:/st/stm32cubeide_1.5.0/stm32cubeide/plugins/com.st.stm32cube.ide.mcu.externaltools.gnu-tools-for-stm32.7-2018-q2-update.win32_1.5.0.202011040924/tools/bin/../lib/gcc/arm-none-eabi/7.3.1/thumb/v7e-m/fpv4-sp/hard/crti.o
                0x0000000008014efc                _init
 .init          0x0000000008014f00        0x8 c:/st/stm32cubeide_1.5.0/stm32cubeide/plugins/com.st.stm32cube.ide.mcu.externaltools.gnu-tools-for-stm32.7-2018-q2-update.win32_1.5.0.202011040924/tools/bin/../lib/gcc/arm-none-eabi/7.3.1/thumb/v7e-m/fpv4-sp/hard/crtn.o
 *(.fini)
 .fini          0x0000000008014f08        0x4 c:/st/stm32cubeide_1.5.0/stm32cubeide/plugins/com.st.stm32cube.ide.mcu.externaltools.gnu-tools-for-stm32.7-2018-q2-update.win32_1.5.0.202011040924/tools/bin/../lib/gcc/arm-none-eabi/7.3.1/thumb/v7e-m/fpv4-sp/hard/crti.o
                0x0000000008014f08                _fini
 .fini          0x0000000008014f0c        0x8 c:/st/stm32cubeide_1.5.0/stm32cubeide/plugins/com.st.stm32cube.ide.mcu.externaltools.gnu-tools-for-stm32.7-2018-q2-update.win32_1.5.0.202011040924/tools/bin/../lib/gcc/arm-none-eabi/7.3.1/thumb/v7e-m/fpv4-sp/hard/crtn.o
                0x0000000008014f14                . = ALIGN (0x4)
                0x0000000008014f14                _etext = .

.vfp11_veneer   0x0000000008014f14        0x0
 .vfp11_veneer  0x0000000008014f14        0x0 linker stubs

.v4_bx          0x0000000008014f14        0x0
 .v4_bx         0x0000000008014f14        0x0 linker stubs

.iplt           0x0000000008014f14        0x0
 .iplt          0x0000000008014f14        0x0 c:/st/stm32cubeide_1.5.0/stm32cubeide/plugins/com.st.stm32cube.ide.mcu.externaltools.gnu-tools-for-stm32.7-2018-q2-update.win32_1.5.0.202011040924/tools/bin/../lib/gcc/arm-none-eabi/7.3.1/thumb/v7e-m/fpv4-sp/hard/crtbegin.o

.rodata         0x0000000008014f18     0x502c
                0x0000000008014f18                . = ALIGN (0x4)
 *(.rodata)
 .rodata        0x0000000008014f18      0x18a Core/Src/app_mqtt.o
 *fill*         0x00000000080150a2        0x2 
 .rodata        0x00000000080150a4      0x248 Core/Src/app_ssl.o
 .rodata        0x00000000080152ec       0x50 Core/Src/app_uart.o
 .rodata        0x000000000801533c       0xd1 Core/Src/main.o
 *fill*         0x000000000801540d        0x3 
 .rodata        0x0000000008015410       0x41 Middlewares/Third_Party/mbedTLS/library/ecp_curves.o
 *fill*         0x0000000008015451        0x3 
 .rodata        0x0000000008015454     0x1736 Middlewares/Third_Party/mbedTLS/library/error.o
 *fill*         0x0000000008016b8a        0x2 
 .rodata        0x0000000008016b8c       0x1f Middlewares/Third_Party/mbedTLS/library/md_wrap.o
 *fill*         0x0000000008016bab        0x1 
 .rodata        0x0000000008016bac      0x88c Middlewares/Third_Party/mbedTLS/library/oid.o
 .rodata        0x0000000008017438       0x17 Middlewares/Third_Party/mbedTLS/library/pem.o
 *fill*         0x000000000801744f        0x1 
 .rodata        0x0000000008017450       0x1a Middlewares/Third_Party/mbedTLS/library/pk_wrap.o
 *fill*         0x000000000801746a        0x2 
 .rodata        0x000000000801746c       0xb7 Middlewares/Third_Party/mbedTLS/library/pkparse.o
 *(.rodata*)
 *fill*         0x0000000008017523        0x1 
 .rodata.AHBPrescTable
                0x0000000008017524       0x10 Core/Src/system_stm32f4xx.o
                0x0000000008017524                AHBPrescTable
 .rodata.APBPrescTable
                0x0000000008017534        0x8 Core/Src/system_stm32f4xx.o
                0x0000000008017534                APBPrescTable
 .rodata.base64en
                0x000000000801753c       0x40 Middlewares/Third_Party/base64url/base64url.o
 .rodata.FSb    0x000000000801757c      0x100 Middlewares/Third_Party/mbedTLS/library/aes.o
 .rodata.FT0    0x000000000801767c      0x400 Middlewares/Third_Party/mbedTLS/library/aes.o
 .rodata.FT1    0x0000000008017a7c      0x400 Middlewares/Third_Party/mbedTLS/library/aes.o
 .rodata.FT2    0x0000000008017e7c      0x400 Middlewares/Third_Party/mbedTLS/library/aes.o
 .rodata.FT3    0x000000000801827c      0x400 Middlewares/Third_Party/mbedTLS/library/aes.o
 .rodata.RSb    0x000000000801867c      0x100 Middlewares/Third_Party/mbedTLS/library/aes.o
 .rodata.RT0    0x000000000801877c      0x400 Middlewares/Third_Party/mbedTLS/library/aes.o
 .rodata.RT1    0x0000000008018b7c      0x400 Middlewares/Third_Party/mbedTLS/library/aes.o
 .rodata.RT2    0x0000000008018f7c      0x400 Middlewares/Third_Party/mbedTLS/library/aes.o
 .rodata.RT3    0x000000000801937c      0x400 Middlewares/Third_Party/mbedTLS/library/aes.o
 .rodata.RCON   0x000000000801977c       0x28 Middlewares/Third_Party/mbedTLS/library/aes.o
 .rodata.base64_dec_map
                0x00000000080197a4       0x80 Middlewares/Third_Party/mbedTLS/library/base64.o
 .rodata.secp256r1_p
                0x0000000008019824       0x20 Middlewares/Third_Party/mbedTLS/library/ecp_curves.o
 .rodata.secp256r1_b
                0x0000000008019844       0x20 Middlewares/Third_Party/mbedTLS/library/ecp_curves.o
 .rodata.secp256r1_gx
                0x0000000008019864       0x20 Middlewares/Third_Party/mbedTLS/library/ecp_curves.o
 .rodata.secp256r1_gy
                0x0000000008019884       0x20 Middlewares/Third_Party/mbedTLS/library/ecp_curves.o
 .rodata.secp256r1_n
                0x00000000080198a4       0x20 Middlewares/Third_Party/mbedTLS/library/ecp_curves.o
 .rodata.secp384r1_p
                0x00000000080198c4       0x30 Middlewares/Third_Party/mbedTLS/library/ecp_curves.o
 .rodata.secp384r1_b
                0x00000000080198f4       0x30 Middlewares/Third_Party/mbedTLS/library/ecp_curves.o
 .rodata.secp384r1_gx
                0x0000000008019924       0x30 Middlewares/Third_Party/mbedTLS/library/ecp_curves.o
 .rodata.secp384r1_gy
                0x0000000008019954       0x30 Middlewares/Third_Party/mbedTLS/library/ecp_curves.o
 .rodata.secp384r1_n
                0x0000000008019984       0x30 Middlewares/Third_Party/mbedTLS/library/ecp_curves.o
 .rodata.mbedtls_sha224_info
                0x00000000080199b4       0x30 Middlewares/Third_Party/mbedTLS/library/md_wrap.o
                0x00000000080199b4                mbedtls_sha224_info
 .rodata.mbedtls_sha256_info
                0x00000000080199e4       0x30 Middlewares/Third_Party/mbedTLS/library/md_wrap.o
                0x00000000080199e4                mbedtls_sha256_info
 .rodata.mbedtls_sha384_info
                0x0000000008019a14       0x30 Middlewares/Third_Party/mbedTLS/library/md_wrap.o
                0x0000000008019a14                mbedtls_sha384_info
 .rodata.mbedtls_sha512_info
                0x0000000008019a44       0x30 Middlewares/Third_Party/mbedTLS/library/md_wrap.o
                0x0000000008019a44                mbedtls_sha512_info
 .rodata.oid_pk_alg
                0x0000000008019a74       0x50 Middlewares/Third_Party/mbedTLS/library/oid.o
 .rodata.oid_ecp_grp
                0x0000000008019ac4       0x3c Middlewares/Third_Party/mbedTLS/library/oid.o
 .rodata.mbedtls_eckey_info
                0x0000000008019b00       0x30 Middlewares/Third_Party/mbedTLS/library/pk_wrap.o
                0x0000000008019b00                mbedtls_eckey_info
 .rodata.mbedtls_eckeydh_info
                0x0000000008019b30       0x30 Middlewares/Third_Party/mbedTLS/library/pk_wrap.o
                0x0000000008019b30                mbedtls_eckeydh_info
 .rodata.mbedtls_ecdsa_info
                0x0000000008019b60       0x30 Middlewares/Third_Party/mbedTLS/library/pk_wrap.o
                0x0000000008019b60                mbedtls_ecdsa_info
 .rodata.K      0x0000000008019b90      0x100 Middlewares/Third_Party/mbedTLS/library/sha256.o
 .rodata.K      0x0000000008019c90      0x280 Middlewares/Third_Party/mbedTLS/library/sha512.o
 .rodata._svfprintf_r.str1.1
                0x0000000008019f10       0x11 c:/st/stm32cubeide_1.5.0/stm32cubeide/plugins/com.st.stm32cube.ide.mcu.externaltools.gnu-tools-for-stm32.7-2018-q2-update.win32_1.5.0.202011040924/tools/bin/../lib/gcc/arm-none-eabi/7.3.1/../../../../arm-none-eabi/lib/thumb/v7e-m/fpv4-sp/hard\libc_nano.a(lib_a-nano-svfprintf.o)
 .rodata._printf_i.str1.1
                0x0000000008019f21       0x22 c:/st/stm32cubeide_1.5.0/stm32cubeide/plugins/com.st.stm32cube.ide.mcu.externaltools.gnu-tools-for-stm32.7-2018-q2-update.win32_1.5.0.202011040924/tools/bin/../lib/gcc/arm-none-eabi/7.3.1/../../../../arm-none-eabi/lib/thumb/v7e-m/fpv4-sp/hard\libc_nano.a(lib_a-nano-vfprintf_i.o)
                0x0000000008019f44                . = ALIGN (0x4)
 *fill*         0x0000000008019f43        0x1 

.ARM.extab      0x0000000008019f44        0x0
                0x0000000008019f44                . = ALIGN (0x4)
 *(.ARM.extab* .gnu.linkonce.armextab.*)
                0x0000000008019f44                . = ALIGN (0x4)

.ARM            0x0000000008019f44        0x8
                0x0000000008019f44                . = ALIGN (0x4)
                0x0000000008019f44                __exidx_start = .
 *(.ARM.exidx*)
 .ARM.exidx     0x0000000008019f44        0x8 c:/st/stm32cubeide_1.5.0/stm32cubeide/plugins/com.st.stm32cube.ide.mcu.externaltools.gnu-tools-for-stm32.7-2018-q2-update.win32_1.5.0.202011040924/tools/bin/../lib/gcc/arm-none-eabi/7.3.1/thumb/v7e-m/fpv4-sp/hard\libgcc.a(_udivmoddi4.o)
                0x0000000008019f4c                __exidx_end = .
                0x0000000008019f4c                . = ALIGN (0x4)

.rel.dyn        0x0000000008019f4c        0x0
 .rel.iplt      0x0000000008019f4c        0x0 c:/st/stm32cubeide_1.5.0/stm32cubeide/plugins/com.st.stm32cube.ide.mcu.externaltools.gnu-tools-for-stm32.7-2018-q2-update.win32_1.5.0.202011040924/tools/bin/../lib/gcc/arm-none-eabi/7.3.1/thumb/v7e-m/fpv4-sp/hard/crtbegin.o

.preinit_array  0x0000000008019f4c        0x0
                0x0000000008019f4c                . = ALIGN (0x4)
                0x0000000008019f4c                PROVIDE (__preinit_array_start = .)
 *(.preinit_array*)
                0x0000000008019f4c                PROVIDE (__preinit_array_end = .)
                0x0000000008019f4c                . = ALIGN (0x4)

.init_array     0x0000000008019f4c        0x4
                0x0000000008019f4c                . = ALIGN (0x4)
                0x0000000008019f4c                PROVIDE (__init_array_start = .)
 *(SORT_BY_NAME(.init_array.*))
 *(.init_array*)
 .init_array    0x0000000008019f4c        0x4 c:/st/stm32cubeide_1.5.0/stm32cubeide/plugins/com.st.stm32cube.ide.mcu.externaltools.gnu-tools-for-stm32.7-2018-q2-update.win32_1.5.0.202011040924/tools/bin/../lib/gcc/arm-none-eabi/7.3.1/thumb/v7e-m/fpv4-sp/hard/crtbegin.o
                0x0000000008019f50                PROVIDE (__init_array_end = .)
                0x0000000008019f50                . = ALIGN (0x4)

.fini_array     0x0000000008019f50        0x4
                0x0000000008019f50                . = ALIGN (0x4)
                [!provide]                        PROVIDE (__fini_array_start = .)
 *(SORT_BY_NAME(.fini_array.*))
 *(.fini_array*)
 .fini_array    0x0000000008019f50        0x4 c:/st/stm32cubeide_1.5.0/stm32cubeide/plugins/com.st.stm32cube.ide.mcu.externaltools.gnu-tools-for-stm32.7-2018-q2-update.win32_1.5.0.202011040924/tools/bin/../lib/gcc/arm-none-eabi/7.3.1/thumb/v7e-m/fpv4-sp/hard/crtbegin.o
                [!provide]                        PROVIDE (__fini_array_end = .)
                0x0000000008019f54                . = ALIGN (0x4)
                0x0000000008019f54                _sidata = LOADADDR (.data)

.data           0x0000000020000000      0x690 load address 0x0000000008019f54
                0x0000000020000000                . = ALIGN (0x4)
                0x0000000020000000                _sdata = .
 *(.data)
 *(.data*)
 .data.cacert   0x0000000020000000      0x2b0 Core/Src/app_ssl.o
                0x0000000020000000                cacert
 .data.clientcert
                0x00000000200002b0      0x245 Core/Src/app_ssl.o
                0x00000000200002b0                clientcert
 *fill*         0x00000000200004f5        0x3 
 .data.clientkey
                0x00000000200004f8       0xe9 Core/Src/app_ssl.o
                0x00000000200004f8                clientkey
 *fill*         0x00000000200005e1        0x3 
 .data.ssl_config
                0x00000000200005e4       0x14 Core/Src/app_ssl.o
                0x00000000200005e4                ssl_config
 .data.UartTransmitReady
                0x00000000200005f8        0x1 Core/Src/app_uart.o
                0x00000000200005f8                UartTransmitReady
 *fill*         0x00000000200005f9        0x3 
 .data.projectId
                0x00000000200005fc        0x4 Core/Src/main.o
                0x00000000200005fc                projectId
 .data.region   0x0000000020000600        0x4 Core/Src/main.o
                0x0000000020000600                region
 .data.registryId
                0x0000000020000604        0x4 Core/Src/main.o
                0x0000000020000604                registryId
 .data.deviceId
                0x0000000020000608        0x4 Core/Src/main.o
                0x0000000020000608                deviceId
 .data.keepAlive
                0x000000002000060c        0x1 Core/Src/main.o
                0x000000002000060c                keepAlive
 *fill*         0x000000002000060d        0x3 
 .data.server_address
                0x0000000020000610        0x4 Core/Src/main.o
                0x0000000020000610                server_address
 .data.user     0x0000000020000614        0x4 Core/Src/main.o
                0x0000000020000614                user
 .data.SystemCoreClock
                0x0000000020000618        0x4 Core/Src/system_stm32f4xx.o
                0x0000000020000618                SystemCoreClock
 .data.uwTickPrio
                0x000000002000061c        0x4 Drivers/STM32F4xx_HAL_Driver/Src/stm32f4xx_hal.o
                0x000000002000061c                uwTickPrio
 .data.uwTickFreq
                0x0000000020000620        0x1 Drivers/STM32F4xx_HAL_Driver/Src/stm32f4xx_hal.o
                0x0000000020000620                uwTickFreq
 *fill*         0x0000000020000621        0x3 
 .data.one.6233
                0x0000000020000624        0x4 Middlewares/Third_Party/mbedTLS/library/ecp_curves.o
 .data.memset_func
                0x0000000020000628        0x4 Middlewares/Third_Party/mbedTLS/library/platform_util.o
 .data._impure_ptr
                0x000000002000062c        0x4 c:/st/stm32cubeide_1.5.0/stm32cubeide/plugins/com.st.stm32cube.ide.mcu.externaltools.gnu-tools-for-stm32.7-2018-q2-update.win32_1.5.0.202011040924/tools/bin/../lib/gcc/arm-none-eabi/7.3.1/../../../../arm-none-eabi/lib/thumb/v7e-m/fpv4-sp/hard\libc_nano.a(lib_a-impure.o)
                0x000000002000062c                _impure_ptr
 .data.impure_data
                0x0000000020000630       0x60 c:/st/stm32cubeide_1.5.0/stm32cubeide/plugins/com.st.stm32cube.ide.mcu.externaltools.gnu-tools-for-stm32.7-2018-q2-update.win32_1.5.0.202011040924/tools/bin/../lib/gcc/arm-none-eabi/7.3.1/../../../../arm-none-eabi/lib/thumb/v7e-m/fpv4-sp/hard\libc_nano.a(lib_a-impure.o)
 *(.RamFunc)
 *(.RamFunc*)
                0x0000000020000690                . = ALIGN (0x4)
                0x0000000020000690                _edata = .

.igot.plt       0x0000000020000690        0x0 load address 0x000000000801a5e4
 .igot.plt      0x0000000020000690        0x0 c:/st/stm32cubeide_1.5.0/stm32cubeide/plugins/com.st.stm32cube.ide.mcu.externaltools.gnu-tools-for-stm32.7-2018-q2-update.win32_1.5.0.202011040924/tools/bin/../lib/gcc/arm-none-eabi/7.3.1/thumb/v7e-m/fpv4-sp/hard/crtbegin.o
                0x0000000020000690                . = ALIGN (0x4)

.bss            0x0000000020000690     0x1ee0 load address 0x000000000801a5e4
                0x0000000020000690                _sbss = .
                0x0000000020000690                __bss_start__ = _sbss
 *(.bss)
 .bss           0x0000000020000690       0x1c c:/st/stm32cubeide_1.5.0/stm32cubeide/plugins/com.st.stm32cube.ide.mcu.externaltools.gnu-tools-for-stm32.7-2018-q2-update.win32_1.5.0.202011040924/tools/bin/../lib/gcc/arm-none-eabi/7.3.1/thumb/v7e-m/fpv4-sp/hard/crtbegin.o
 *(.bss*)
 .bss.buffer.9041
                0x00000000200006ac       0xc8 Core/Src/app_ssl.o
 .bss.receiveBufferIndexHead
                0x0000000020000774        0x1 Core/Src/app_uart.o
                0x0000000020000774                receiveBufferIndexHead
 .bss.receiveBufferIndexTail
                0x0000000020000775        0x1 Core/Src/app_uart.o
                0x0000000020000775                receiveBufferIndexTail
 .bss.client_index
                0x0000000020000776        0x1 Core/Src/main.o
                0x0000000020000776                client_index
 .bss.clean_session
                0x0000000020000777        0x1 Core/Src/main.o
                0x0000000020000777                clean_session
 .bss.__sbrk_heap_end
                0x0000000020000778        0x4 Core/Src/sysmem.o
 .bss.__malloc_free_list
                0x000000002000077c        0x4 c:/st/stm32cubeide_1.5.0/stm32cubeide/plugins/com.st.stm32cube.ide.mcu.externaltools.gnu-tools-for-stm32.7-2018-q2-update.win32_1.5.0.202011040924/tools/bin/../lib/gcc/arm-none-eabi/7.3.1/../../../../arm-none-eabi/lib/thumb/v7e-m/fpv4-sp/hard\libc_nano.a(lib_a-nano-mallocr.o)
                0x000000002000077c                __malloc_free_list
 .bss.__malloc_sbrk_start
                0x0000000020000780        0x4 c:/st/stm32cubeide_1.5.0/stm32cubeide/plugins/com.st.stm32cube.ide.mcu.externaltools.gnu-tools-for-stm32.7-2018-q2-update.win32_1.5.0.202011040924/tools/bin/../lib/gcc/arm-none-eabi/7.3.1/../../../../arm-none-eabi/lib/thumb/v7e-m/fpv4-sp/hard\libc_nano.a(lib_a-nano-mallocr.o)
                0x0000000020000780                __malloc_sbrk_start
 *(COMMON)
 COMMON         0x0000000020000784       0xfa Core/Src/app_mqtt.o
                0x0000000020000784                atcommand
 *fill*         0x000000002000087e        0x2 
 COMMON         0x0000000020000880     0x1704 Core/Src/app_ssl.o
                0x0000000020000880                N
                0x000000002000088c                output
                0x0000000020000890                entropy