app_mqtt.c:66:6:MQTT_Init	8	static
app_mqtt.c:71:6:MQTT_Start	8	static
app_mqtt.c:78:6:MQTT_Stop	8	static
app_mqtt.c:85:6:MQTT_Accquire_Client	16	static
app_mqtt.c:94:6:MQTT_Release_Client	8	static
app_mqtt.c:102:6:MQTT_Set_Ssl	32	static
app_mqtt.c:111:6:MQTT_Will_Topic	32	static
app_mqtt.c:128:6:MQTT_Will_Message	48	static
app_mqtt.c:146:6:MQTT_Connect	32	static
app_mqtt.c:155:6:MQTT_Disonnect	16	static
app_mqtt.c:163:6:MQTT_Topic	32	static
app_mqtt.c:180:6:MQTT_Payload	32	static
app_mqtt.c:196:6:MQTT_Publish	40	static
app_mqtt.c:208:6:MQTT_Subcribe_Topic	48	static
app_mqtt.c:226:6:MQTT_Subcribe	8	static
app_mqtt.c:234:12:MQTT_Message_Subcribe_Checking	40	static
app_mqtt.c:256:10:MQTT_Get_Message_Subcribe	32	static
app_mqtt.c:267:6:MQTT_UnSubcribe_Topic	32	static
app_mqtt.c:283:6:MQTT_UnSubcribe	16	static
app_mqtt.c:291:6:Clear_Buffer_Receive_Message	8	static
