app_uart.c:37:6:UART_SIM7600_Init	8	static
app_uart.c:64:6:UART_SIM7600_Transmit	16	static
app_uart.c:81:6:UART_SIM7600_Transmit_Size	16	static
app_uart.c:98:9:UART_SIM7600_Received_Buffer_Available	4	static
app_uart.c:106:9:UART_SIM7600_Read_Received_Buffer	16	static
app_uart.c:120:6:UART_485_Init	8	static
app_uart.c:148:6:UART_485_Transmit_Size	16	static
app_uart.c:161:9:UART_485_Received_Buffer_Available	4	static
app_uart.c:169:9:UART_485_Read_Received_Buffer	16	static
app_uart.c:182:6:UART_DEBUG_Init	8	static
app_uart.c:210:6:UART_DEBUG_Transmit	16	static
app_uart.c:218:6:UART_DEBUG_Transmit_Size	16	static
app_uart.c:228:6:Setup_Receive_IT	8	static
app_uart.c:237:6:HAL_UART_RxCpltCallback	16	static
app_uart.c:246:6:HAL_UART_TxCpltCallback	16	static
app_uart.c:251:6:Clear_Reiceive_Buffer	8	static
app_uart.c:257:6:Clear_Temp_Buffer	8	static
app_uart.c:261:6:Wait_For_Respone	24	static
app_uart.c:289:10:Get_Uart_Pattern	64	static
app_uart.c:334:16:Get_AT_Result	16	static
