app_mqtt.c:38:6:MQTT_Start	8	static
app_mqtt.c:45:6:MQTT_Stop	8	static
app_mqtt.c:52:6:MQTT_Accquire_Client	16	static
app_mqtt.c:60:6:MQTT_Release_Client	16	static
app_mqtt.c:68:6:MQTT_Set_Ssl	16	static
app_mqtt.c:76:6:MQTT_Will_Topic	32	static
app_mqtt.c:93:6:MQTT_Will_Message	48	static
app_mqtt.c:111:6:MQTT_Connect	40	static
app_mqtt.c:120:6:MQTT_Disonnect	16	static
app_mqtt.c:128:6:MQTT_Topic	32	static
app_mqtt.c:145:6:MQTT_Payload	32	static
app_mqtt.c:161:6:MQTT_Publish	40	static
app_mqtt.c:173:6:MQTT_Subcribe_Topic	48	static
app_mqtt.c:191:6:MQTT_Subcribe	16	static
app_mqtt.c:199:10:MQTT_Get_Message_Subcribe	272	static
app_mqtt.c:207:6:MQTT_UnSubcribe_Topic	32	static
app_mqtt.c:223:6:MQTT_UnSubcribe	24	static
